<?xml version="1.0" encoding="ISO-8859-1" ?>
<link_info>
   <banner>TI ARM Clang Linker Unix v4.0.1.LTS</banner>
   <copyright>Copyright (c) 1996-2018 Texas Instruments Incorporated</copyright>
   <command_line>/Applications/ti/ccs2001/ccs/tools/compiler/ti-cgt-armllvm_4.0.1.LTS/bin/tiarmlnk -I/Applications/ti/ccs2001/ccs/tools/compiler/ti-cgt-armllvm_4.0.1.LTS/lib -o ECE319K_Lab9.out -mECE319K_Lab9.map --heap_size=512 --stack_size=512 -i/Users/siddharthaguntupalli/Documents/School/ECE 319K/MSPM0_ValvanoWare/ECE319K_Lab9/Debug/syscfg -i/Applications/ti/ccs2001/ccs/tools/compiler/ti-cgt-armllvm_4.0.1.LTS/lib --diag_wrap=off --display_error_number --warn_sections --xml_link_info=ECE319K_Lab9_linkInfo.xml --rom_model ./ADC1.o ./Arabic.o ./Clock.o ./DAC5.o ./LED.o ./Lab9Main.o ./LaunchPad.o ./SPI.o ./ST7735.o ./SmallFont.o ./Sound.o ./Switch.o ./TExaS.o ./Timer.o ./images/pipedreams/PipeSound.o ./ticlang/startup_mspm0g3507_ticlang.o ../mspm0g3507.cmd -l/Applications/ti/mspm0_sdk_2_03_00_07/source/ti/driverlib/lib/ticlang/m0p/mspm0g1x0x_g3x0x/driverlib.a -llibc.a --start-group -llibc++.a -llibc++abi.a -llibc.a -llibsys.a -llibsysbm.a -llibclang_rt.builtins.a -llibclang_rt.profile.a --end-group --cg_opt_level=0</command_line>
   <link_time>0x680971c5</link_time>
   <link_errors>0x0</link_errors>
   <output_file>/Users/siddharthaguntupalli/Documents/School/ECE 319K/MSPM0_ValvanoWare/ECE319K_Lab9/Debug/ECE319K_Lab9.out</output_file>
   <entry_point>
      <name>_c_int00_noargs</name>
      <address>0x54a9</address>
   </entry_point>
   <input_file_list>
      <input_file id="fl-1">
         <path>/Users/siddharthaguntupalli/Documents/School/ECE 319K/MSPM0_ValvanoWare/ECE319K_Lab9/Debug/./</path>
         <kind>object</kind>
         <file>ADC1.o</file>
         <name>ADC1.o</name>
      </input_file>
      <input_file id="fl-2">
         <path>/Users/siddharthaguntupalli/Documents/School/ECE 319K/MSPM0_ValvanoWare/ECE319K_Lab9/Debug/./</path>
         <kind>object</kind>
         <file>Arabic.o</file>
         <name>Arabic.o</name>
      </input_file>
      <input_file id="fl-3">
         <path>/Users/siddharthaguntupalli/Documents/School/ECE 319K/MSPM0_ValvanoWare/ECE319K_Lab9/Debug/./</path>
         <kind>object</kind>
         <file>Clock.o</file>
         <name>Clock.o</name>
      </input_file>
      <input_file id="fl-4">
         <path>/Users/siddharthaguntupalli/Documents/School/ECE 319K/MSPM0_ValvanoWare/ECE319K_Lab9/Debug/./</path>
         <kind>object</kind>
         <file>DAC5.o</file>
         <name>DAC5.o</name>
      </input_file>
      <input_file id="fl-5">
         <path>/Users/siddharthaguntupalli/Documents/School/ECE 319K/MSPM0_ValvanoWare/ECE319K_Lab9/Debug/./</path>
         <kind>object</kind>
         <file>LED.o</file>
         <name>LED.o</name>
      </input_file>
      <input_file id="fl-6">
         <path>/Users/siddharthaguntupalli/Documents/School/ECE 319K/MSPM0_ValvanoWare/ECE319K_Lab9/Debug/./</path>
         <kind>object</kind>
         <file>Lab9Main.o</file>
         <name>Lab9Main.o</name>
      </input_file>
      <input_file id="fl-7">
         <path>/Users/siddharthaguntupalli/Documents/School/ECE 319K/MSPM0_ValvanoWare/ECE319K_Lab9/Debug/./</path>
         <kind>object</kind>
         <file>LaunchPad.o</file>
         <name>LaunchPad.o</name>
      </input_file>
      <input_file id="fl-8">
         <path>/Users/siddharthaguntupalli/Documents/School/ECE 319K/MSPM0_ValvanoWare/ECE319K_Lab9/Debug/./</path>
         <kind>object</kind>
         <file>SPI.o</file>
         <name>SPI.o</name>
      </input_file>
      <input_file id="fl-9">
         <path>/Users/siddharthaguntupalli/Documents/School/ECE 319K/MSPM0_ValvanoWare/ECE319K_Lab9/Debug/./</path>
         <kind>object</kind>
         <file>ST7735.o</file>
         <name>ST7735.o</name>
      </input_file>
      <input_file id="fl-a">
         <path>/Users/siddharthaguntupalli/Documents/School/ECE 319K/MSPM0_ValvanoWare/ECE319K_Lab9/Debug/./</path>
         <kind>object</kind>
         <file>SmallFont.o</file>
         <name>SmallFont.o</name>
      </input_file>
      <input_file id="fl-b">
         <path>/Users/siddharthaguntupalli/Documents/School/ECE 319K/MSPM0_ValvanoWare/ECE319K_Lab9/Debug/./</path>
         <kind>object</kind>
         <file>Sound.o</file>
         <name>Sound.o</name>
      </input_file>
      <input_file id="fl-c">
         <path>/Users/siddharthaguntupalli/Documents/School/ECE 319K/MSPM0_ValvanoWare/ECE319K_Lab9/Debug/./</path>
         <kind>object</kind>
         <file>Switch.o</file>
         <name>Switch.o</name>
      </input_file>
      <input_file id="fl-d">
         <path>/Users/siddharthaguntupalli/Documents/School/ECE 319K/MSPM0_ValvanoWare/ECE319K_Lab9/Debug/./</path>
         <kind>object</kind>
         <file>TExaS.o</file>
         <name>TExaS.o</name>
      </input_file>
      <input_file id="fl-e">
         <path>/Users/siddharthaguntupalli/Documents/School/ECE 319K/MSPM0_ValvanoWare/ECE319K_Lab9/Debug/./</path>
         <kind>object</kind>
         <file>Timer.o</file>
         <name>Timer.o</name>
      </input_file>
      <input_file id="fl-f">
         <path>/Users/siddharthaguntupalli/Documents/School/ECE 319K/MSPM0_ValvanoWare/ECE319K_Lab9/Debug/./images/pipedreams/</path>
         <kind>object</kind>
         <file>PipeSound.o</file>
         <name>PipeSound.o</name>
      </input_file>
      <input_file id="fl-10">
         <path>/Users/siddharthaguntupalli/Documents/School/ECE 319K/MSPM0_ValvanoWare/ECE319K_Lab9/Debug/./ticlang/</path>
         <kind>object</kind>
         <file>startup_mspm0g3507_ticlang.o</file>
         <name>startup_mspm0g3507_ticlang.o</name>
      </input_file>
      <input_file id="fl-1c">
         <path>/Users/siddharthaguntupalli/Documents/School/ECE 319K/MSPM0_ValvanoWare/ECE319K_Lab9/Debug/</path>
         <kind>object</kind>
         <file>&lt;internal&gt;</file>
         <name>&lt;internal&gt;</name>
      </input_file>
      <input_file id="fl-31">
         <path>/Applications/ti/ccs2001/ccs/tools/compiler/ti-cgt-armllvm_4.0.1.LTS/lib/armv6m-ti-none-eabi/c/</path>
         <kind>archive</kind>
         <file>libc.a</file>
         <name>fopen.c.obj</name>
      </input_file>
      <input_file id="fl-32">
         <path>/Applications/ti/ccs2001/ccs/tools/compiler/ti-cgt-armllvm_4.0.1.LTS/lib/armv6m-ti-none-eabi/c/</path>
         <kind>archive</kind>
         <file>libc.a</file>
         <name>setvbuf.c.obj</name>
      </input_file>
      <input_file id="fl-33">
         <path>/Applications/ti/ccs2001/ccs/tools/compiler/ti-cgt-armllvm_4.0.1.LTS/lib/armv6m-ti-none-eabi/c/</path>
         <kind>archive</kind>
         <file>libc.a</file>
         <name>aeabi_portable.c.obj</name>
      </input_file>
      <input_file id="fl-34">
         <path>/Applications/ti/ccs2001/ccs/tools/compiler/ti-cgt-armllvm_4.0.1.LTS/lib/armv6m-ti-none-eabi/c/</path>
         <kind>archive</kind>
         <file>libc.a</file>
         <name>exit.c.obj</name>
      </input_file>
      <input_file id="fl-35">
         <path>/Applications/ti/ccs2001/ccs/tools/compiler/ti-cgt-armllvm_4.0.1.LTS/lib/armv6m-ti-none-eabi/c/</path>
         <kind>archive</kind>
         <file>libc.a</file>
         <name>_lock.c.obj</name>
      </input_file>
      <input_file id="fl-36">
         <path>/Applications/ti/ccs2001/ccs/tools/compiler/ti-cgt-armllvm_4.0.1.LTS/lib/armv6m-ti-none-eabi/c/</path>
         <kind>archive</kind>
         <file>libc.a</file>
         <name>assert.c.obj</name>
      </input_file>
      <input_file id="fl-37">
         <path>/Applications/ti/ccs2001/ccs/tools/compiler/ti-cgt-armllvm_4.0.1.LTS/lib/armv6m-ti-none-eabi/c/</path>
         <kind>archive</kind>
         <file>libc.a</file>
         <name>defs.c.obj</name>
      </input_file>
      <input_file id="fl-38">
         <path>/Applications/ti/ccs2001/ccs/tools/compiler/ti-cgt-armllvm_4.0.1.LTS/lib/armv6m-ti-none-eabi/c/</path>
         <kind>archive</kind>
         <file>libc.a</file>
         <name>memory.c.obj</name>
      </input_file>
      <input_file id="fl-39">
         <path>/Applications/ti/ccs2001/ccs/tools/compiler/ti-cgt-armllvm_4.0.1.LTS/lib/armv6m-ti-none-eabi/c/</path>
         <kind>archive</kind>
         <file>libc.a</file>
         <name>rand.c.obj</name>
      </input_file>
      <input_file id="fl-3a">
         <path>/Applications/ti/ccs2001/ccs/tools/compiler/ti-cgt-armllvm_4.0.1.LTS/lib/armv6m-ti-none-eabi/c/</path>
         <kind>archive</kind>
         <file>libc.a</file>
         <name>copy_zero_init.c.obj</name>
      </input_file>
      <input_file id="fl-3b">
         <path>/Applications/ti/ccs2001/ccs/tools/compiler/ti-cgt-armllvm_4.0.1.LTS/lib/armv6m-ti-none-eabi/c/</path>
         <kind>archive</kind>
         <file>libc.a</file>
         <name>copy_decompress_none.c.obj</name>
      </input_file>
      <input_file id="fl-3c">
         <path>/Applications/ti/ccs2001/ccs/tools/compiler/ti-cgt-armllvm_4.0.1.LTS/lib/armv6m-ti-none-eabi/c/</path>
         <kind>archive</kind>
         <file>libc.a</file>
         <name>copy_decompress_lzss.c.obj</name>
      </input_file>
      <input_file id="fl-3d">
         <path>/Applications/ti/ccs2001/ccs/tools/compiler/ti-cgt-armllvm_4.0.1.LTS/lib/armv6m-ti-none-eabi/c/</path>
         <kind>archive</kind>
         <file>libc.a</file>
         <name>boot_cortex_m.c.obj</name>
      </input_file>
      <input_file id="fl-3e">
         <path>/Applications/ti/ccs2001/ccs/tools/compiler/ti-cgt-armllvm_4.0.1.LTS/lib/armv6m-ti-none-eabi/c/</path>
         <kind>archive</kind>
         <file>libc.a</file>
         <name>mathacl_init.c.obj</name>
      </input_file>
      <input_file id="fl-3f">
         <path>/Applications/ti/ccs2001/ccs/tools/compiler/ti-cgt-armllvm_4.0.1.LTS/lib/armv6m-ti-none-eabi/c/</path>
         <kind>archive</kind>
         <file>libc.a</file>
         <name>sprintf.c.obj</name>
      </input_file>
      <input_file id="fl-40">
         <path>/Applications/ti/ccs2001/ccs/tools/compiler/ti-cgt-armllvm_4.0.1.LTS/lib/armv6m-ti-none-eabi/c/</path>
         <kind>archive</kind>
         <file>libc.a</file>
         <name>fclose.c.obj</name>
      </input_file>
      <input_file id="fl-41">
         <path>/Applications/ti/ccs2001/ccs/tools/compiler/ti-cgt-armllvm_4.0.1.LTS/lib/armv6m-ti-none-eabi/c/</path>
         <kind>archive</kind>
         <file>libc.a</file>
         <name>fflush.c.obj</name>
      </input_file>
      <input_file id="fl-42">
         <path>/Applications/ti/ccs2001/ccs/tools/compiler/ti-cgt-armllvm_4.0.1.LTS/lib/armv6m-ti-none-eabi/c/</path>
         <kind>archive</kind>
         <file>libc.a</file>
         <name>fputs.c.obj</name>
      </input_file>
      <input_file id="fl-43">
         <path>/Applications/ti/ccs2001/ccs/tools/compiler/ti-cgt-armllvm_4.0.1.LTS/lib/armv6m-ti-none-eabi/c/</path>
         <kind>archive</kind>
         <file>libc.a</file>
         <name>_io_perm.c.obj</name>
      </input_file>
      <input_file id="fl-44">
         <path>/Applications/ti/ccs2001/ccs/tools/compiler/ti-cgt-armllvm_4.0.1.LTS/lib/armv6m-ti-none-eabi/c/</path>
         <kind>archive</kind>
         <file>libc.a</file>
         <name>args_main.c.obj</name>
      </input_file>
      <input_file id="fl-45">
         <path>/Applications/ti/ccs2001/ccs/tools/compiler/ti-cgt-armllvm_4.0.1.LTS/lib/armv6m-ti-none-eabi/c/</path>
         <kind>archive</kind>
         <file>libc.a</file>
         <name>autoinit.c.obj</name>
      </input_file>
      <input_file id="fl-46">
         <path>/Applications/ti/ccs2001/ccs/tools/compiler/ti-cgt-armllvm_4.0.1.LTS/lib/armv6m-ti-none-eabi/c/</path>
         <kind>archive</kind>
         <file>libc.a</file>
         <name>pre_init.c.obj</name>
      </input_file>
      <input_file id="fl-47">
         <path>/Applications/ti/ccs2001/ccs/tools/compiler/ti-cgt-armllvm_4.0.1.LTS/lib/armv6m-ti-none-eabi/c/</path>
         <kind>archive</kind>
         <file>libc.a</file>
         <name>cpy_tbl.c.obj</name>
      </input_file>
      <input_file id="fl-48">
         <path>/Applications/ti/ccs2001/ccs/tools/compiler/ti-cgt-armllvm_4.0.1.LTS/lib/armv6m-ti-none-eabi/c/</path>
         <kind>archive</kind>
         <file>libc.a</file>
         <name>_printfi.c.obj</name>
      </input_file>
      <input_file id="fl-49">
         <path>/Applications/ti/ccs2001/ccs/tools/compiler/ti-cgt-armllvm_4.0.1.LTS/lib/armv6m-ti-none-eabi/c/</path>
         <kind>archive</kind>
         <file>libc.a</file>
         <name>fseek.c.obj</name>
      </input_file>
      <input_file id="fl-4a">
         <path>/Applications/ti/ccs2001/ccs/tools/compiler/ti-cgt-armllvm_4.0.1.LTS/lib/armv6m-ti-none-eabi/c/</path>
         <kind>archive</kind>
         <file>libc.a</file>
         <name>s_frexp.c.obj</name>
      </input_file>
      <input_file id="fl-4b">
         <path>/Applications/ti/ccs2001/ccs/tools/compiler/ti-cgt-armllvm_4.0.1.LTS/lib/armv6m-ti-none-eabi/c/</path>
         <kind>archive</kind>
         <file>libc.a</file>
         <name>s_scalbn.c.obj</name>
      </input_file>
      <input_file id="fl-4c">
         <path>/Applications/ti/ccs2001/ccs/tools/compiler/ti-cgt-armllvm_4.0.1.LTS/lib/armv6m-ti-none-eabi/c/</path>
         <kind>archive</kind>
         <file>libc.a</file>
         <name>_ltoa.c.obj</name>
      </input_file>
      <input_file id="fl-4d">
         <path>/Applications/ti/ccs2001/ccs/tools/compiler/ti-cgt-armllvm_4.0.1.LTS/lib/armv6m-ti-none-eabi/c/</path>
         <kind>archive</kind>
         <file>libc.a</file>
         <name>atoi.c.obj</name>
      </input_file>
      <input_file id="fl-4e">
         <path>/Applications/ti/ccs2001/ccs/tools/compiler/ti-cgt-armllvm_4.0.1.LTS/lib/armv6m-ti-none-eabi/c/</path>
         <kind>archive</kind>
         <file>libc.a</file>
         <name>memccpy.c.obj</name>
      </input_file>
      <input_file id="fl-4f">
         <path>/Applications/ti/ccs2001/ccs/tools/compiler/ti-cgt-armllvm_4.0.1.LTS/lib/armv6m-ti-none-eabi/c/</path>
         <kind>archive</kind>
         <file>libc.a</file>
         <name>wcslen.c.obj</name>
      </input_file>
      <input_file id="fl-50">
         <path>/Applications/ti/ccs2001/ccs/tools/compiler/ti-cgt-armllvm_4.0.1.LTS/lib/armv6m-ti-none-eabi/c/</path>
         <kind>archive</kind>
         <file>libc.a</file>
         <name>aeabi_ctype.S.obj</name>
      </input_file>
      <input_file id="fl-e6">
         <path>/Applications/ti/ccs2001/ccs/tools/compiler/ti-cgt-armllvm_4.0.1.LTS/lib/armv6m-ti-none-eabi/c/</path>
         <kind>archive</kind>
         <file>libsysbm.a</file>
         <name>write.c.obj</name>
      </input_file>
      <input_file id="fl-e7">
         <path>/Applications/ti/ccs2001/ccs/tools/compiler/ti-cgt-armllvm_4.0.1.LTS/lib/armv6m-ti-none-eabi/c/</path>
         <kind>archive</kind>
         <file>libsysbm.a</file>
         <name>host_device.c.obj</name>
      </input_file>
      <input_file id="fl-e8">
         <path>/Applications/ti/ccs2001/ccs/tools/compiler/ti-cgt-armllvm_4.0.1.LTS/lib/armv6m-ti-none-eabi/c/</path>
         <kind>archive</kind>
         <file>libsysbm.a</file>
         <name>remove.c.obj</name>
      </input_file>
      <input_file id="fl-e9">
         <path>/Applications/ti/ccs2001/ccs/tools/compiler/ti-cgt-armllvm_4.0.1.LTS/lib/armv6m-ti-none-eabi/c/</path>
         <kind>archive</kind>
         <file>libsysbm.a</file>
         <name>open.c.obj</name>
      </input_file>
      <input_file id="fl-ea">
         <path>/Applications/ti/ccs2001/ccs/tools/compiler/ti-cgt-armllvm_4.0.1.LTS/lib/armv6m-ti-none-eabi/c/</path>
         <kind>archive</kind>
         <file>libsysbm.a</file>
         <name>lseek.c.obj</name>
      </input_file>
      <input_file id="fl-eb">
         <path>/Applications/ti/ccs2001/ccs/tools/compiler/ti-cgt-armllvm_4.0.1.LTS/lib/armv6m-ti-none-eabi/c/</path>
         <kind>archive</kind>
         <file>libsysbm.a</file>
         <name>close.c.obj</name>
      </input_file>
      <input_file id="fl-ec">
         <path>/Applications/ti/ccs2001/ccs/tools/compiler/ti-cgt-armllvm_4.0.1.LTS/lib/armv6m-ti-none-eabi/c/</path>
         <kind>archive</kind>
         <file>libsysbm.a</file>
         <name>add_device.c.obj</name>
      </input_file>
      <input_file id="fl-ed">
         <path>/Applications/ti/ccs2001/ccs/tools/compiler/ti-cgt-armllvm_4.0.1.LTS/lib/armv6m-ti-none-eabi/c/</path>
         <kind>archive</kind>
         <file>libsysbm.a</file>
         <name>unlink.c.obj</name>
      </input_file>
      <input_file id="fl-ee">
         <path>/Applications/ti/ccs2001/ccs/tools/compiler/ti-cgt-armllvm_4.0.1.LTS/lib/armv6m-ti-none-eabi/c/</path>
         <kind>archive</kind>
         <file>libsysbm.a</file>
         <name>hostclose.c.obj</name>
      </input_file>
      <input_file id="fl-ef">
         <path>/Applications/ti/ccs2001/ccs/tools/compiler/ti-cgt-armllvm_4.0.1.LTS/lib/armv6m-ti-none-eabi/c/</path>
         <kind>archive</kind>
         <file>libsysbm.a</file>
         <name>hostlseek.c.obj</name>
      </input_file>
      <input_file id="fl-f0">
         <path>/Applications/ti/ccs2001/ccs/tools/compiler/ti-cgt-armllvm_4.0.1.LTS/lib/armv6m-ti-none-eabi/c/</path>
         <kind>archive</kind>
         <file>libsysbm.a</file>
         <name>hostopen.c.obj</name>
      </input_file>
      <input_file id="fl-f1">
         <path>/Applications/ti/ccs2001/ccs/tools/compiler/ti-cgt-armllvm_4.0.1.LTS/lib/armv6m-ti-none-eabi/c/</path>
         <kind>archive</kind>
         <file>libsysbm.a</file>
         <name>hostread.c.obj</name>
      </input_file>
      <input_file id="fl-f2">
         <path>/Applications/ti/ccs2001/ccs/tools/compiler/ti-cgt-armllvm_4.0.1.LTS/lib/armv6m-ti-none-eabi/c/</path>
         <kind>archive</kind>
         <file>libsysbm.a</file>
         <name>hostrename.c.obj</name>
      </input_file>
      <input_file id="fl-f3">
         <path>/Applications/ti/ccs2001/ccs/tools/compiler/ti-cgt-armllvm_4.0.1.LTS/lib/armv6m-ti-none-eabi/c/</path>
         <kind>archive</kind>
         <file>libsysbm.a</file>
         <name>hostunlink.c.obj</name>
      </input_file>
      <input_file id="fl-f4">
         <path>/Applications/ti/ccs2001/ccs/tools/compiler/ti-cgt-armllvm_4.0.1.LTS/lib/armv6m-ti-none-eabi/c/</path>
         <kind>archive</kind>
         <file>libsysbm.a</file>
         <name>hostwrite.c.obj</name>
      </input_file>
      <input_file id="fl-f5">
         <path>/Applications/ti/ccs2001/ccs/tools/compiler/ti-cgt-armllvm_4.0.1.LTS/lib/armv6m-ti-none-eabi/c/</path>
         <kind>archive</kind>
         <file>libsysbm.a</file>
         <name>trgmsg.c.obj</name>
      </input_file>
      <input_file id="fl-f6">
         <path>/Applications/ti/ccs2001/ccs/tools/compiler/ti-cgt-armllvm_4.0.1.LTS/lib/armv6m-ti-none-eabi/</path>
         <kind>archive</kind>
         <file>libclang_rt.builtins.a</file>
         <name>adddf3.S.obj</name>
      </input_file>
      <input_file id="fl-f7">
         <path>/Applications/ti/ccs2001/ccs/tools/compiler/ti-cgt-armllvm_4.0.1.LTS/lib/armv6m-ti-none-eabi/</path>
         <kind>archive</kind>
         <file>libclang_rt.builtins.a</file>
         <name>muldf3.S.obj</name>
      </input_file>
      <input_file id="fl-f8">
         <path>/Applications/ti/ccs2001/ccs/tools/compiler/ti-cgt-armllvm_4.0.1.LTS/lib/armv6m-ti-none-eabi/</path>
         <kind>archive</kind>
         <file>libclang_rt.builtins.a</file>
         <name>muldsi3.S.obj</name>
      </input_file>
      <input_file id="fl-f9">
         <path>/Applications/ti/ccs2001/ccs/tools/compiler/ti-cgt-armllvm_4.0.1.LTS/lib/armv6m-ti-none-eabi/</path>
         <kind>archive</kind>
         <file>libclang_rt.builtins.a</file>
         <name>divdf3.S.obj</name>
      </input_file>
      <input_file id="fl-fa">
         <path>/Applications/ti/ccs2001/ccs/tools/compiler/ti-cgt-armllvm_4.0.1.LTS/lib/armv6m-ti-none-eabi/</path>
         <kind>archive</kind>
         <file>libclang_rt.builtins.a</file>
         <name>fixdfsi.S.obj</name>
      </input_file>
      <input_file id="fl-fb">
         <path>/Applications/ti/ccs2001/ccs/tools/compiler/ti-cgt-armllvm_4.0.1.LTS/lib/armv6m-ti-none-eabi/</path>
         <kind>archive</kind>
         <file>libclang_rt.builtins.a</file>
         <name>floatsidf.S.obj</name>
      </input_file>
      <input_file id="fl-fc">
         <path>/Applications/ti/ccs2001/ccs/tools/compiler/ti-cgt-armllvm_4.0.1.LTS/lib/armv6m-ti-none-eabi/</path>
         <kind>archive</kind>
         <file>libclang_rt.builtins.a</file>
         <name>floatunsidf.S.obj</name>
      </input_file>
      <input_file id="fl-fd">
         <path>/Applications/ti/ccs2001/ccs/tools/compiler/ti-cgt-armllvm_4.0.1.LTS/lib/armv6m-ti-none-eabi/</path>
         <kind>archive</kind>
         <file>libclang_rt.builtins.a</file>
         <name>muldi3.S.obj</name>
      </input_file>
      <input_file id="fl-fe">
         <path>/Applications/ti/ccs2001/ccs/tools/compiler/ti-cgt-armllvm_4.0.1.LTS/lib/armv6m-ti-none-eabi/</path>
         <kind>archive</kind>
         <file>libclang_rt.builtins.a</file>
         <name>truncdfsf2.S.obj</name>
      </input_file>
      <input_file id="fl-ff">
         <path>/Applications/ti/ccs2001/ccs/tools/compiler/ti-cgt-armllvm_4.0.1.LTS/lib/armv6m-ti-none-eabi/</path>
         <kind>archive</kind>
         <file>libclang_rt.builtins.a</file>
         <name>aeabi_dcmp.S.obj</name>
      </input_file>
      <input_file id="fl-100">
         <path>/Applications/ti/ccs2001/ccs/tools/compiler/ti-cgt-armllvm_4.0.1.LTS/lib/armv6m-ti-none-eabi/</path>
         <kind>archive</kind>
         <file>libclang_rt.builtins.a</file>
         <name>aeabi_idivmod.S.obj</name>
      </input_file>
      <input_file id="fl-101">
         <path>/Applications/ti/ccs2001/ccs/tools/compiler/ti-cgt-armllvm_4.0.1.LTS/lib/armv6m-ti-none-eabi/</path>
         <kind>archive</kind>
         <file>libclang_rt.builtins.a</file>
         <name>aeabi_memcpy.S.obj</name>
      </input_file>
      <input_file id="fl-102">
         <path>/Applications/ti/ccs2001/ccs/tools/compiler/ti-cgt-armllvm_4.0.1.LTS/lib/armv6m-ti-none-eabi/</path>
         <kind>archive</kind>
         <file>libclang_rt.builtins.a</file>
         <name>aeabi_memset.S.obj</name>
      </input_file>
      <input_file id="fl-103">
         <path>/Applications/ti/ccs2001/ccs/tools/compiler/ti-cgt-armllvm_4.0.1.LTS/lib/armv6m-ti-none-eabi/</path>
         <kind>archive</kind>
         <file>libclang_rt.builtins.a</file>
         <name>aeabi_uidivmod.S.obj</name>
      </input_file>
      <input_file id="fl-104">
         <path>/Applications/ti/ccs2001/ccs/tools/compiler/ti-cgt-armllvm_4.0.1.LTS/lib/armv6m-ti-none-eabi/</path>
         <kind>archive</kind>
         <file>libclang_rt.builtins.a</file>
         <name>aeabi_uldivmod.S.obj</name>
      </input_file>
      <input_file id="fl-105">
         <path>/Applications/ti/ccs2001/ccs/tools/compiler/ti-cgt-armllvm_4.0.1.LTS/lib/armv6m-ti-none-eabi/</path>
         <kind>archive</kind>
         <file>libclang_rt.builtins.a</file>
         <name>udivmoddi4.S.obj</name>
      </input_file>
      <input_file id="fl-106">
         <path>/Applications/ti/ccs2001/ccs/tools/compiler/ti-cgt-armllvm_4.0.1.LTS/lib/armv6m-ti-none-eabi/</path>
         <kind>archive</kind>
         <file>libclang_rt.builtins.a</file>
         <name>ashldi3.S.obj</name>
      </input_file>
      <input_file id="fl-107">
         <path>/Applications/ti/ccs2001/ccs/tools/compiler/ti-cgt-armllvm_4.0.1.LTS/lib/armv6m-ti-none-eabi/</path>
         <kind>archive</kind>
         <file>libclang_rt.builtins.a</file>
         <name>comparedf2.c.obj</name>
      </input_file>
      <input_file id="fl-108">
         <path>/Applications/ti/ccs2001/ccs/tools/compiler/ti-cgt-armllvm_4.0.1.LTS/lib/armv6m-ti-none-eabi/</path>
         <kind>archive</kind>
         <file>libclang_rt.builtins.a</file>
         <name>aeabi_div0.c.obj</name>
      </input_file>
      <input_file id="fl-109">
         <path>/Applications/ti/ccs2001/ccs/tools/compiler/ti-cgt-armllvm_4.0.1.LTS/lib/armv6m-ti-none-eabi/c/</path>
         <kind>archive</kind>
         <file>libc.a</file>
         <name>getdevice.c.obj</name>
      </input_file>
      <input_file id="fl-10a">
         <path>/Applications/ti/ccs2001/ccs/tools/compiler/ti-cgt-armllvm_4.0.1.LTS/lib/armv6m-ti-none-eabi/c/</path>
         <kind>archive</kind>
         <file>libc.a</file>
         <name>memcpy16.S.obj</name>
      </input_file>
      <input_file id="fl-10b">
         <path>/Applications/ti/ccs2001/ccs/tools/compiler/ti-cgt-armllvm_4.0.1.LTS/lib/armv6m-ti-none-eabi/c/</path>
         <kind>archive</kind>
         <file>libc.a</file>
         <name>memset16.S.obj</name>
      </input_file>
      <input_file id="fl-10c">
         <path>/Applications/ti/ccs2001/ccs/tools/compiler/ti-cgt-armllvm_4.0.1.LTS/lib/armv6m-ti-none-eabi/c/</path>
         <kind>archive</kind>
         <file>libc.a</file>
         <name>strcmp-armv6m.S.obj</name>
      </input_file>
   </input_file_list>
   <object_component_list>
      <object_component id="oc-18">
         <name>.intvecs</name>
         <load_address>0x0</load_address>
         <readonly>true</readonly>
         <run_address>0x0</run_address>
         <size>0xc0</size>
         <alignment>0x4</alignment>
         <input_file_ref idref="fl-10"/>
      </object_component>
      <object_component id="oc-145">
         <name>.text.ST7735_DrawBitmap</name>
         <load_address>0x39c0</load_address>
         <readonly>true</readonly>
         <executable>true</executable>
         <run_address>0x39c0</run_address>
         <size>0x210</size>
         <alignment>0x4</alignment>
         <input_file_ref idref="fl-9"/>
      </object_component>
      <object_component id="oc-8e">
         <name>.text.main</name>
         <load_address>0x3bd0</load_address>
         <readonly>true</readonly>
         <executable>true</executable>
         <run_address>0x3bd0</run_address>
         <size>0x1ec</size>
         <alignment>0x4</alignment>
         <input_file_ref idref="fl-6"/>
      </object_component>
      <object_component id="oc-11f">
         <name>.text.Clock_Init80MHz</name>
         <load_address>0x3dbc</load_address>
         <readonly>true</readonly>
         <executable>true</executable>
         <run_address>0x3dbc</run_address>
         <size>0x1b4</size>
         <alignment>0x4</alignment>
         <input_file_ref idref="fl-3"/>
      </object_component>
      <object_component id="oc-14d">
         <name>.text.ST7735_DrawChar</name>
         <load_address>0x3f70</load_address>
         <readonly>true</readonly>
         <executable>true</executable>
         <run_address>0x3f70</run_address>
         <size>0x1a8</size>
         <alignment>0x4</alignment>
         <input_file_ref idref="fl-9"/>
      </object_component>
      <object_component id="oc-13d">
         <name>.text.ADC_Init</name>
         <load_address>0x4118</load_address>
         <readonly>true</readonly>
         <executable>true</executable>
         <run_address>0x4118</run_address>
         <size>0x128</size>
         <alignment>0x4</alignment>
         <input_file_ref idref="fl-d"/>
      </object_component>
      <object_component id="oc-7c">
         <name>.text.cont</name>
         <load_address>0x4240</load_address>
         <readonly>true</readonly>
         <executable>true</executable>
         <run_address>0x4240</run_address>
         <size>0x128</size>
         <alignment>0x4</alignment>
         <input_file_ref idref="fl-6"/>
      </object_component>
      <object_component id="oc-135">
         <name>.text.ST7735_FillRect</name>
         <load_address>0x4368</load_address>
         <readonly>true</readonly>
         <executable>true</executable>
         <run_address>0x4368</run_address>
         <size>0x118</size>
         <alignment>0x4</alignment>
         <input_file_ref idref="fl-9"/>
      </object_component>
      <object_component id="oc-167">
         <name>.text.SPI_Init</name>
         <load_address>0x4480</load_address>
         <readonly>true</readonly>
         <executable>true</executable>
         <run_address>0x4480</run_address>
         <size>0xf8</size>
         <alignment>0x4</alignment>
         <input_file_ref idref="fl-8"/>
      </object_component>
      <object_component id="oc-13f">
         <name>.text.UART_Init</name>
         <load_address>0x4578</load_address>
         <readonly>true</readonly>
         <executable>true</executable>
         <run_address>0x4578</run_address>
         <size>0xe8</size>
         <alignment>0x4</alignment>
         <input_file_ref idref="fl-d"/>
      </object_component>
      <object_component id="oc-dc">
         <name>.text.draw</name>
         <load_address>0x4660</load_address>
         <readonly>true</readonly>
         <executable>true</executable>
         <run_address>0x4660</run_address>
         <size>0xdc</size>
         <alignment>0x4</alignment>
         <input_file_ref idref="fl-6"/>
      </object_component>
      <object_component id="oc-142">
         <name>.text.ST7735_OutChar</name>
         <load_address>0x473c</load_address>
         <readonly>true</readonly>
         <executable>true</executable>
         <run_address>0x473c</run_address>
         <size>0xd0</size>
         <alignment>0x4</alignment>
         <input_file_ref idref="fl-9"/>
      </object_component>
      <object_component id="oc-af">
         <name>.text.laserhit</name>
         <load_address>0x480c</load_address>
         <readonly>true</readonly>
         <executable>true</executable>
         <run_address>0x480c</run_address>
         <size>0xc4</size>
         <alignment>0x4</alignment>
         <input_file_ref idref="fl-6"/>
      </object_component>
      <object_component id="oc-141">
         <name>.text.TimerG7_IntArm</name>
         <load_address>0x48d0</load_address>
         <readonly>true</readonly>
         <executable>true</executable>
         <run_address>0x48d0</run_address>
         <size>0xa8</size>
         <alignment>0x4</alignment>
         <input_file_ref idref="fl-e"/>
      </object_component>
      <object_component id="oc-124">
         <name>.text.commandList</name>
         <load_address>0x4978</load_address>
         <readonly>true</readonly>
         <executable>true</executable>
         <run_address>0x4978</run_address>
         <size>0xa2</size>
         <alignment>0x2</alignment>
         <input_file_ref idref="fl-9"/>
      </object_component>
      <object_component id="oc-cd">
         <name>.text.LED_Init</name>
         <load_address>0x4a1a</load_address>
         <readonly>true</readonly>
         <executable>true</executable>
         <run_address>0x4a1a</run_address>
         <size>0x2</size>
         <alignment>0x2</alignment>
         <input_file_ref idref="fl-5"/>
      </object_component>
      <object_component id="oc-c5">
         <name>.text.ST7735_InitR</name>
         <load_address>0x4a1c</load_address>
         <readonly>true</readonly>
         <executable>true</executable>
         <run_address>0x4a1c</run_address>
         <size>0x98</size>
         <alignment>0x4</alignment>
         <input_file_ref idref="fl-9"/>
      </object_component>
      <object_component id="oc-d7">
         <name>.text.TimerG12_IntArm</name>
         <load_address>0x4ab4</load_address>
         <readonly>true</readonly>
         <executable>true</executable>
         <run_address>0x4ab4</run_address>
         <size>0x94</size>
         <alignment>0x4</alignment>
         <input_file_ref idref="fl-e"/>
      </object_component>
      <object_component id="oc-16a">
         <name>.text.setAddrWindow</name>
         <load_address>0x4b48</load_address>
         <readonly>true</readonly>
         <executable>true</executable>
         <run_address>0x4b48</run_address>
         <size>0x88</size>
         <alignment>0x4</alignment>
         <input_file_ref idref="fl-9"/>
      </object_component>
      <object_component id="oc-cb">
         <name>.text.ADCinit</name>
         <load_address>0x4bd0</load_address>
         <readonly>true</readonly>
         <executable>true</executable>
         <run_address>0x4bd0</run_address>
         <size>0x84</size>
         <alignment>0x4</alignment>
         <input_file_ref idref="fl-1"/>
      </object_component>
      <object_component id="oc-14c">
         <name>.text.ST7735_DrawString</name>
         <load_address>0x4c54</load_address>
         <readonly>true</readonly>
         <executable>true</executable>
         <run_address>0x4c54</run_address>
         <size>0x84</size>
         <alignment>0x2</alignment>
         <input_file_ref idref="fl-9"/>
      </object_component>
      <object_component id="oc-de">
         <name>.text.ST7735_OutUDec</name>
         <load_address>0x4cd8</load_address>
         <readonly>true</readonly>
         <executable>true</executable>
         <run_address>0x4cd8</run_address>
         <size>0x84</size>
         <alignment>0x4</alignment>
         <input_file_ref idref="fl-9"/>
      </object_component>
      <object_component id="oc-bf">
         <name>.text.LaunchPad_Init</name>
         <load_address>0x4d5c</load_address>
         <readonly>true</readonly>
         <executable>true</executable>
         <run_address>0x4d5c</run_address>
         <size>0x7c</size>
         <alignment>0x4</alignment>
         <input_file_ref idref="fl-7"/>
      </object_component>
      <object_component id="oc-1c">
         <name>.text:decompress:lzss</name>
         <load_address>0x4dd8</load_address>
         <readonly>true</readonly>
         <executable>true</executable>
         <run_address>0x4dd8</run_address>
         <size>0x7c</size>
         <alignment>0x4</alignment>
         <input_file_ref idref="fl-3c"/>
      </object_component>
      <object_component id="oc-a8">
         <name>.text.bguys_init</name>
         <load_address>0x4e54</load_address>
         <readonly>true</readonly>
         <executable>true</executable>
         <run_address>0x4e54</run_address>
         <size>0x6c</size>
         <alignment>0x4</alignment>
         <input_file_ref idref="fl-6"/>
      </object_component>
      <object_component id="oc-7b">
         <name>.text.shoot_laser</name>
         <load_address>0x4ec0</load_address>
         <readonly>true</readonly>
         <executable>true</executable>
         <run_address>0x4ec0</run_address>
         <size>0x6c</size>
         <alignment>0x4</alignment>
         <input_file_ref idref="fl-6"/>
      </object_component>
      <object_component id="oc-37">
         <name>.text.SysTick_Handler</name>
         <load_address>0x4f2c</load_address>
         <readonly>true</readonly>
         <executable>true</executable>
         <run_address>0x4f2c</run_address>
         <size>0x58</size>
         <alignment>0x4</alignment>
         <input_file_ref idref="fl-b"/>
      </object_component>
      <object_component id="oc-d5">
         <name>.text.TExaS_Init</name>
         <load_address>0x4f84</load_address>
         <readonly>true</readonly>
         <executable>true</executable>
         <run_address>0x4f84</run_address>
         <size>0x58</size>
         <alignment>0x4</alignment>
         <input_file_ref idref="fl-d"/>
      </object_component>
      <object_component id="oc-14b">
         <name>.text.fillmessage</name>
         <load_address>0x4fdc</load_address>
         <readonly>true</readonly>
         <executable>true</executable>
         <run_address>0x4fdc</run_address>
         <size>0x54</size>
         <alignment>0x4</alignment>
         <input_file_ref idref="fl-9"/>
      </object_component>
      <object_component id="oc-a9">
         <name>.text.ADCin</name>
         <load_address>0x5030</load_address>
         <readonly>true</readonly>
         <executable>true</executable>
         <run_address>0x5030</run_address>
         <size>0x48</size>
         <alignment>0x4</alignment>
         <input_file_ref idref="fl-1"/>
      </object_component>
      <object_component id="oc-125">
         <name>.text.SPI_OutCommand</name>
         <load_address>0x5078</load_address>
         <readonly>true</readonly>
         <executable>true</executable>
         <run_address>0x5078</run_address>
         <size>0x48</size>
         <alignment>0x4</alignment>
         <input_file_ref idref="fl-8"/>
      </object_component>
      <object_component id="oc-a0">
         <name>.text.Switch_In</name>
         <load_address>0x50c0</load_address>
         <readonly>true</readonly>
         <executable>true</executable>
         <run_address>0x50c0</run_address>
         <size>0x44</size>
         <alignment>0x4</alignment>
         <input_file_ref idref="fl-c"/>
      </object_component>
      <object_component id="oc-c4">
         <name>.text.SysTick_IntArm</name>
         <load_address>0x5104</load_address>
         <readonly>true</readonly>
         <executable>true</executable>
         <run_address>0x5104</run_address>
         <size>0x44</size>
         <alignment>0x4</alignment>
         <input_file_ref idref="fl-b"/>
      </object_component>
      <object_component id="oc-17b">
         <name>.text.SPI_Reset</name>
         <load_address>0x5148</load_address>
         <readonly>true</readonly>
         <executable>true</executable>
         <run_address>0x5148</run_address>
         <size>0x40</size>
         <alignment>0x4</alignment>
         <input_file_ref idref="fl-8"/>
      </object_component>
      <object_component id="oc-3c">
         <name>.text.TIMG7_IRQHandler</name>
         <load_address>0x5188</load_address>
         <readonly>true</readonly>
         <executable>true</executable>
         <run_address>0x5188</run_address>
         <size>0x40</size>
         <alignment>0x4</alignment>
         <input_file_ref idref="fl-d"/>
      </object_component>
      <object_component id="oc-107">
         <name>.text.__aeabi_uidivmod</name>
         <load_address>0x51c8</load_address>
         <readonly>true</readonly>
         <executable>true</executable>
         <run_address>0x51c8</run_address>
         <size>0x40</size>
         <alignment>0x4</alignment>
         <input_file_ref idref="fl-103"/>
      </object_component>
      <object_component id="oc-13a">
         <name>.text.DAC5_Init</name>
         <load_address>0x5208</load_address>
         <readonly>true</readonly>
         <executable>true</executable>
         <run_address>0x5208</run_address>
         <size>0x3c</size>
         <alignment>0x4</alignment>
         <input_file_ref idref="fl-4"/>
      </object_component>
      <object_component id="oc-111">
         <name>.text.Sound_Start</name>
         <load_address>0x5244</load_address>
         <readonly>true</readonly>
         <executable>true</executable>
         <run_address>0x5244</run_address>
         <size>0x3c</size>
         <alignment>0x4</alignment>
         <input_file_ref idref="fl-b"/>
      </object_component>
      <object_component id="oc-f5">
         <name>.text:__TI_auto_init_nobinit_nopinit</name>
         <load_address>0x5280</load_address>
         <readonly>true</readonly>
         <executable>true</executable>
         <run_address>0x5280</run_address>
         <size>0x3c</size>
         <alignment>0x4</alignment>
         <input_file_ref idref="fl-45"/>
      </object_component>
      <object_component id="oc-120">
         <name>.text.ActivatePortA_B</name>
         <load_address>0x52bc</load_address>
         <readonly>true</readonly>
         <executable>true</executable>
         <run_address>0x52bc</run_address>
         <size>0x38</size>
         <alignment>0x4</alignment>
         <input_file_ref idref="fl-7"/>
      </object_component>
      <object_component id="oc-12a">
         <name>.text.SPI_OutData</name>
         <load_address>0x52f4</load_address>
         <readonly>true</readonly>
         <executable>true</executable>
         <run_address>0x52f4</run_address>
         <size>0x38</size>
         <alignment>0x4</alignment>
         <input_file_ref idref="fl-8"/>
      </object_component>
      <object_component id="oc-41">
         <name>.text.TIMG12_IRQHandler</name>
         <load_address>0x532c</load_address>
         <readonly>true</readonly>
         <executable>true</executable>
         <run_address>0x532c</run_address>
         <size>0x38</size>
         <alignment>0x4</alignment>
         <input_file_ref idref="fl-6"/>
      </object_component>
      <object_component id="oc-9b">
         <name>.text.Clock_Delay1ms</name>
         <load_address>0x5364</load_address>
         <readonly>true</readonly>
         <executable>true</executable>
         <run_address>0x5364</run_address>
         <size>0x34</size>
         <alignment>0x4</alignment>
         <input_file_ref idref="fl-3"/>
      </object_component>
      <object_component id="oc-dd">
         <name>.text.ST7735_SetCursor</name>
         <load_address>0x5398</load_address>
         <readonly>true</readonly>
         <executable>true</executable>
         <run_address>0x5398</run_address>
         <size>0x34</size>
         <alignment>0x4</alignment>
         <input_file_ref idref="fl-9"/>
      </object_component>
      <object_component id="oc-123">
         <name>.text.commonInit</name>
         <load_address>0x53cc</load_address>
         <readonly>true</readonly>
         <executable>true</executable>
         <run_address>0x53cc</run_address>
         <size>0x30</size>
         <alignment>0x4</alignment>
         <input_file_ref idref="fl-9"/>
      </object_component>
      <object_component id="oc-d3">
         <name>.text.me_init</name>
         <load_address>0x53fc</load_address>
         <readonly>true</readonly>
         <executable>true</executable>
         <run_address>0x53fc</run_address>
         <size>0x30</size>
         <alignment>0x4</alignment>
         <input_file_ref idref="fl-6"/>
      </object_component>
      <object_component id="oc-ca">
         <name>.text.ST7735_FillScreen</name>
         <load_address>0x542c</load_address>
         <readonly>true</readonly>
         <executable>true</executable>
         <run_address>0x542c</run_address>
         <size>0x2c</size>
         <alignment>0x4</alignment>
         <input_file_ref idref="fl-9"/>
      </object_component>
      <object_component id="oc-13e">
         <name>.text.ADC_Start</name>
         <load_address>0x5458</load_address>
         <readonly>true</readonly>
         <executable>true</executable>
         <run_address>0x5458</run_address>
         <size>0x28</size>
         <alignment>0x4</alignment>
         <input_file_ref idref="fl-d"/>
      </object_component>
      <object_component id="oc-d4">
         <name>.text.laser_init</name>
         <load_address>0x5480</load_address>
         <readonly>true</readonly>
         <executable>true</executable>
         <run_address>0x5480</run_address>
         <size>0x28</size>
         <alignment>0x4</alignment>
         <input_file_ref idref="fl-6"/>
      </object_component>
      <object_component id="oc-61">
         <name>.text:_c_int00_noargs</name>
         <load_address>0x54a8</load_address>
         <readonly>true</readonly>
         <executable>true</executable>
         <run_address>0x54a8</run_address>
         <size>0x28</size>
         <alignment>0x4</alignment>
         <input_file_ref idref="fl-3d"/>
      </object_component>
      <object_component id="oc-d6">
         <name>.text.ST7735_OutString</name>
         <load_address>0x54d0</load_address>
         <readonly>true</readonly>
         <executable>true</executable>
         <run_address>0x54d0</run_address>
         <size>0x26</size>
         <alignment>0x2</alignment>
         <input_file_ref idref="fl-9"/>
      </object_component>
      <object_component id="oc-15e">
         <name>.text.__aeabi_idiv0</name>
         <load_address>0x54f6</load_address>
         <readonly>true</readonly>
         <executable>true</executable>
         <run_address>0x54f6</run_address>
         <size>0x2</size>
         <alignment>0x2</alignment>
         <input_file_ref idref="fl-108"/>
      </object_component>
      <object_component id="oc-d2">
         <name>.text.Sound_Init</name>
         <load_address>0x54f8</load_address>
         <readonly>true</readonly>
         <executable>true</executable>
         <run_address>0x54f8</run_address>
         <size>0x24</size>
         <alignment>0x4</alignment>
         <input_file_ref idref="fl-b"/>
      </object_component>
      <object_component id="oc-164">
         <name>.text.Random32</name>
         <load_address>0x551c</load_address>
         <readonly>true</readonly>
         <executable>true</executable>
         <run_address>0x551c</run_address>
         <size>0x20</size>
         <alignment>0x4</alignment>
         <input_file_ref idref="fl-6"/>
      </object_component>
      <object_component id="oc-16c">
         <name>.text.pushColor</name>
         <load_address>0x553c</load_address>
         <readonly>true</readonly>
         <executable>true</executable>
         <run_address>0x553c</run_address>
         <size>0x1e</size>
         <alignment>0x2</alignment>
         <input_file_ref idref="fl-9"/>
      </object_component>
      <object_component id="oc-6d">
         <name>.text.DAC5_Out</name>
         <load_address>0x555c</load_address>
         <readonly>true</readonly>
         <executable>true</executable>
         <run_address>0x555c</run_address>
         <size>0x1c</size>
         <alignment>0x4</alignment>
         <input_file_ref idref="fl-4"/>
      </object_component>
      <object_component id="oc-35">
         <name>.text.Default_Handler</name>
         <load_address>0x5578</load_address>
         <readonly>true</readonly>
         <executable>true</executable>
         <run_address>0x5578</run_address>
         <size>0x1c</size>
         <alignment>0x4</alignment>
         <input_file_ref idref="fl-10"/>
      </object_component>
      <object_component id="oc-36">
         <name>.text.HardFault_Handler</name>
         <load_address>0x5594</load_address>
         <readonly>true</readonly>
         <executable>true</executable>
         <run_address>0x5594</run_address>
         <size>0x1c</size>
         <alignment>0x4</alignment>
         <input_file_ref idref="fl-10"/>
      </object_component>
      <object_component id="oc-113">
         <name>.text.Random</name>
         <load_address>0x55b0</load_address>
         <readonly>true</readonly>
         <executable>true</executable>
         <run_address>0x55b0</run_address>
         <size>0x18</size>
         <alignment>0x2</alignment>
         <input_file_ref idref="fl-6"/>
      </object_component>
      <object_component id="oc-cc">
         <name>.text.Switch_Init</name>
         <load_address>0x55c8</load_address>
         <readonly>true</readonly>
         <executable>true</executable>
         <run_address>0x55c8</run_address>
         <size>0x18</size>
         <alignment>0x4</alignment>
         <input_file_ref idref="fl-c"/>
      </object_component>
      <object_component id="oc-58">
         <name>.text:decompress:ZI:__TI_zero_init_nomemset</name>
         <load_address>0x55e0</load_address>
         <readonly>true</readonly>
         <executable>true</executable>
         <run_address>0x55e0</run_address>
         <size>0x16</size>
         <alignment>0x2</alignment>
         <input_file_ref idref="fl-3a"/>
      </object_component>
      <object_component id="oc-df">
         <name>.text.Sound_Explosion</name>
         <load_address>0x55f8</load_address>
         <readonly>true</readonly>
         <executable>true</executable>
         <run_address>0x55f8</run_address>
         <size>0x14</size>
         <alignment>0x4</alignment>
         <input_file_ref idref="fl-b"/>
      </object_component>
      <object_component id="oc-e0">
         <name>.text.Sound_Highpitch</name>
         <load_address>0x560c</load_address>
         <readonly>true</readonly>
         <executable>true</executable>
         <run_address>0x560c</run_address>
         <size>0x14</size>
         <alignment>0x4</alignment>
         <input_file_ref idref="fl-b"/>
      </object_component>
      <object_component id="oc-ae">
         <name>.text.Sound_Killed</name>
         <load_address>0x5620</load_address>
         <readonly>true</readonly>
         <executable>true</executable>
         <run_address>0x5620</run_address>
         <size>0x14</size>
         <alignment>0x4</alignment>
         <input_file_ref idref="fl-b"/>
      </object_component>
      <object_component id="oc-a5">
         <name>.text.Sound_Shoot</name>
         <load_address>0x5634</load_address>
         <readonly>true</readonly>
         <executable>true</executable>
         <run_address>0x5634</run_address>
         <size>0x14</size>
         <alignment>0x4</alignment>
         <input_file_ref idref="fl-b"/>
      </object_component>
      <object_component id="oc-b4">
         <name>.text:TI_memcpy_small</name>
         <load_address>0x5648</load_address>
         <readonly>true</readonly>
         <executable>true</executable>
         <run_address>0x5648</run_address>
         <size>0x12</size>
         <alignment>0x1</alignment>
         <input_file_ref idref="fl-10a"/>
      </object_component>
      <object_component id="oc-20">
         <name>.text:decompress:none</name>
         <load_address>0x565a</load_address>
         <readonly>true</readonly>
         <executable>true</executable>
         <run_address>0x565a</run_address>
         <size>0x12</size>
         <alignment>0x2</alignment>
         <input_file_ref idref="fl-3b"/>
      </object_component>
      <object_component id="oc-10b">
         <name>.text.Clock_Delay</name>
         <load_address>0x566c</load_address>
         <readonly>true</readonly>
         <executable>true</executable>
         <run_address>0x566c</run_address>
         <size>0x10</size>
         <alignment>0x2</alignment>
         <input_file_ref idref="fl-3"/>
      </object_component>
      <object_component id="oc-166">
         <name>.text.Delay</name>
         <load_address>0x567c</load_address>
         <readonly>true</readonly>
         <executable>true</executable>
         <run_address>0x567c</run_address>
         <size>0x10</size>
         <alignment>0x2</alignment>
         <input_file_ref idref="fl-7"/>
      </object_component>
      <object_component id="oc-e1">
         <name>.text.TExaS_LaunchPadLogicPB27PB26</name>
         <load_address>0x568c</load_address>
         <readonly>true</readonly>
         <executable>true</executable>
         <run_address>0x568c</run_address>
         <size>0x10</size>
         <alignment>0x4</alignment>
         <input_file_ref idref="fl-6"/>
      </object_component>
      <object_component id="oc-140">
         <name>.text.Clock_Freq</name>
         <load_address>0x569c</load_address>
         <readonly>true</readonly>
         <executable>true</executable>
         <run_address>0x569c</run_address>
         <size>0xc</size>
         <alignment>0x4</alignment>
         <input_file_ref idref="fl-3"/>
      </object_component>
      <object_component id="oc-be">
         <name>.text.PLL_Init</name>
         <load_address>0x56a8</load_address>
         <readonly>true</readonly>
         <executable>true</executable>
         <run_address>0x56a8</run_address>
         <size>0xa</size>
         <alignment>0x2</alignment>
         <input_file_ref idref="fl-6"/>
      </object_component>
      <object_component id="oc-51">
         <name>.text.__aeabi_memcpy</name>
         <load_address>0x56b4</load_address>
         <readonly>true</readonly>
         <executable>true</executable>
         <run_address>0x56b4</run_address>
         <size>0x8</size>
         <alignment>0x4</alignment>
         <input_file_ref idref="fl-101"/>
      </object_component>
      <object_component id="oc-31">
         <name>.text.Reset_Handler</name>
         <load_address>0x56bc</load_address>
         <readonly>true</readonly>
         <executable>true</executable>
         <run_address>0x56bc</run_address>
         <size>0x4</size>
         <alignment>0x2</alignment>
         <input_file_ref idref="fl-10"/>
      </object_component>
      <object_component id="oc-8a">
         <name>.text._system_pre_init</name>
         <load_address>0x56c0</load_address>
         <readonly>true</readonly>
         <executable>true</executable>
         <run_address>0x56c0</run_address>
         <size>0x4</size>
         <alignment>0x2</alignment>
         <input_file_ref idref="fl-46"/>
      </object_component>
      <object_component id="oc-ee">
         <name>.text:abort</name>
         <load_address>0x56c4</load_address>
         <readonly>true</readonly>
         <executable>true</executable>
         <run_address>0x56c4</run_address>
         <size>0x4</size>
         <alignment>0x2</alignment>
         <input_file_ref idref="fl-34"/>
      </object_component>
      <object_component id="oc-1bd">
         <name>.cinit..data.load</name>
         <load_address>0x56c8</load_address>
         <readonly>true</readonly>
         <run_address>0x56c8</run_address>
         <size>0x17</size>
         <alignment>0x1</alignment>
      </object_component>
      <object_component id="oc-1bb">
         <name>__TI_handler_table</name>
         <load_address>0x56e0</load_address>
         <readonly>true</readonly>
         <run_address>0x56e0</run_address>
         <size>0xc</size>
         <alignment>0x4</alignment>
      </object_component>
      <object_component id="oc-1be">
         <name>.cinit..bss.load</name>
         <load_address>0x56ec</load_address>
         <readonly>true</readonly>
         <run_address>0x56ec</run_address>
         <size>0x8</size>
         <alignment>0x4</alignment>
      </object_component>
      <object_component id="oc-1bc">
         <name>__TI_cinit_table</name>
         <load_address>0x56f4</load_address>
         <readonly>true</readonly>
         <run_address>0x56f4</run_address>
         <size>0x10</size>
         <alignment>0x4</alignment>
      </object_component>
      <object_component id="oc-112">
         <name>.rodata.shoot</name>
         <load_address>0xc0</load_address>
         <readonly>true</readonly>
         <run_address>0xc0</run_address>
         <size>0xff0</size>
         <alignment>0x1</alignment>
         <input_file_ref idref="fl-b"/>
      </object_component>
      <object_component id="oc-117">
         <name>.rodata.invaderkilled</name>
         <load_address>0x10b0</load_address>
         <readonly>true</readonly>
         <run_address>0x10b0</run_address>
         <size>0xd31</size>
         <alignment>0x1</alignment>
         <input_file_ref idref="fl-b"/>
      </object_component>
      <object_component id="oc-150">
         <name>.rodata.explosion</name>
         <load_address>0x1de1</load_address>
         <readonly>true</readonly>
         <run_address>0x1de1</run_address>
         <size>0x7d0</size>
         <alignment>0x1</alignment>
         <input_file_ref idref="fl-b"/>
      </object_component>
      <object_component id="oc-151">
         <name>.rodata.highpitch</name>
         <load_address>0x25b1</load_address>
         <readonly>true</readonly>
         <run_address>0x25b1</run_address>
         <size>0x70a</size>
         <alignment>0x1</alignment>
         <input_file_ref idref="fl-b"/>
      </object_component>
      <object_component id="oc-16d">
         <name>.rodata.Font</name>
         <load_address>0x2cbb</load_address>
         <readonly>true</readonly>
         <run_address>0x2cbb</run_address>
         <size>0x4fb</size>
         <alignment>0x1</alignment>
         <input_file_ref idref="fl-9"/>
      </object_component>
      <object_component id="oc-148">
         <name>.rodata.LaserBlank</name>
         <load_address>0x31b6</load_address>
         <readonly>true</readonly>
         <run_address>0x31b6</run_address>
         <size>0x200</size>
         <alignment>0x2</alignment>
         <input_file_ref idref="fl-6"/>
      </object_component>
      <object_component id="oc-114">
         <name>.rodata.SmallEnemy30pointA</name>
         <load_address>0x33b6</load_address>
         <readonly>true</readonly>
         <run_address>0x33b6</run_address>
         <size>0x140</size>
         <alignment>0x2</alignment>
         <input_file_ref idref="fl-6"/>
      </object_component>
      <object_component id="oc-147">
         <name>.rodata.SmallEnemyBlank</name>
         <load_address>0x34f6</load_address>
         <readonly>true</readonly>
         <run_address>0x34f6</run_address>
         <size>0x140</size>
         <alignment>0x2</alignment>
         <input_file_ref idref="fl-6"/>
      </object_component>
      <object_component id="oc-13b">
         <name>.rodata.PlayerShip0</name>
         <load_address>0x3636</load_address>
         <readonly>true</readonly>
         <run_address>0x3636</run_address>
         <size>0x120</size>
         <alignment>0x2</alignment>
         <input_file_ref idref="fl-6"/>
      </object_component>
      <object_component id="oc-146">
         <name>.rodata.PlayerShipBlank</name>
         <load_address>0x3756</load_address>
         <readonly>true</readonly>
         <run_address>0x3756</run_address>
         <size>0x120</size>
         <alignment>0x2</alignment>
         <input_file_ref idref="fl-6"/>
      </object_component>
      <object_component id="oc-12b">
         <name>.rodata.Rcmd1</name>
         <load_address>0x3876</load_address>
         <readonly>true</readonly>
         <run_address>0x3876</run_address>
         <size>0x3b</size>
         <alignment>0x1</alignment>
         <input_file_ref idref="fl-9"/>
      </object_component>
      <object_component id="oc-130">
         <name>.rodata.Rcmd3</name>
         <load_address>0x38b1</load_address>
         <readonly>true</readonly>
         <run_address>0x38b1</run_address>
         <size>0x2b</size>
         <alignment>0x1</alignment>
         <input_file_ref idref="fl-9"/>
      </object_component>
      <object_component id="oc-13c">
         <name>.rodata.ycoin</name>
         <load_address>0x38dc</load_address>
         <readonly>true</readonly>
         <run_address>0x38dc</run_address>
         <size>0x24</size>
         <alignment>0x2</alignment>
         <input_file_ref idref="fl-6"/>
      </object_component>
      <object_component id="oc-ec">
         <name>.rodata.str1.135162969367846207591</name>
         <load_address>0x3900</load_address>
         <readonly>true</readonly>
         <run_address>0x3900</run_address>
         <size>0x1a</size>
         <alignment>0x1</alignment>
         <input_file_ref idref="fl-6"/>
      </object_component>
      <object_component id="oc-16b">
         <name>.rodata.str1.144648496015528403411</name>
         <load_address>0x391a</load_address>
         <readonly>true</readonly>
         <run_address>0x391a</run_address>
         <size>0x16</size>
         <alignment>0x1</alignment>
         <input_file_ref idref="fl-9"/>
      </object_component>
      <object_component id="oc-ea">
         <name>.rodata.str1.17037987796619907721</name>
         <load_address>0x3930</load_address>
         <readonly>true</readonly>
         <run_address>0x3930</run_address>
         <size>0x12</size>
         <alignment>0x1</alignment>
         <input_file_ref idref="fl-6"/>
      </object_component>
      <object_component id="oc-e8">
         <name>.rodata.str1.156700582647216802391</name>
         <load_address>0x3942</load_address>
         <readonly>true</readonly>
         <run_address>0x3942</run_address>
         <size>0x11</size>
         <alignment>0x1</alignment>
         <input_file_ref idref="fl-6"/>
      </object_component>
      <object_component id="oc-ed">
         <name>.rodata.str1.141838891143380821661</name>
         <load_address>0x3953</load_address>
         <readonly>true</readonly>
         <run_address>0x3953</run_address>
         <size>0xf</size>
         <alignment>0x1</alignment>
         <input_file_ref idref="fl-6"/>
      </object_component>
      <object_component id="oc-12d">
         <name>.rodata.Rcmd2green</name>
         <load_address>0x3962</load_address>
         <readonly>true</readonly>
         <run_address>0x3962</run_address>
         <size>0xd</size>
         <alignment>0x1</alignment>
         <input_file_ref idref="fl-9"/>
      </object_component>
      <object_component id="oc-12c">
         <name>.rodata.Rcmd2red</name>
         <load_address>0x396f</load_address>
         <readonly>true</readonly>
         <run_address>0x396f</run_address>
         <size>0xd</size>
         <alignment>0x1</alignment>
         <input_file_ref idref="fl-9"/>
      </object_component>
      <object_component id="oc-e9">
         <name>.rodata.str1.43002182813155350251</name>
         <load_address>0x397c</load_address>
         <readonly>true</readonly>
         <run_address>0x397c</run_address>
         <size>0xb</size>
         <alignment>0x1</alignment>
         <input_file_ref idref="fl-6"/>
      </object_component>
      <object_component id="oc-e5">
         <name>.rodata.str1.87483583393670979681</name>
         <load_address>0x3987</load_address>
         <readonly>true</readonly>
         <run_address>0x3987</run_address>
         <size>0xb</size>
         <alignment>0x1</alignment>
         <input_file_ref idref="fl-6"/>
      </object_component>
      <object_component id="oc-e4">
         <name>.rodata.str1.53373941167017730201</name>
         <load_address>0x3992</load_address>
         <readonly>true</readonly>
         <run_address>0x3992</run_address>
         <size>0xa</size>
         <alignment>0x1</alignment>
         <input_file_ref idref="fl-6"/>
      </object_component>
      <object_component id="oc-e2">
         <name>.rodata.str1.90000559391701535431</name>
         <load_address>0x399c</load_address>
         <readonly>true</readonly>
         <run_address>0x399c</run_address>
         <size>0xa</size>
         <alignment>0x1</alignment>
         <input_file_ref idref="fl-6"/>
      </object_component>
      <object_component id="oc-eb">
         <name>.rodata.str1.56218324430450153921</name>
         <load_address>0x39a6</load_address>
         <readonly>true</readonly>
         <run_address>0x39a6</run_address>
         <size>0x9</size>
         <alignment>0x1</alignment>
         <input_file_ref idref="fl-6"/>
      </object_component>
      <object_component id="oc-e6">
         <name>.rodata.str1.167941454777291235551</name>
         <load_address>0x39af</load_address>
         <readonly>true</readonly>
         <run_address>0x39af</run_address>
         <size>0x7</size>
         <alignment>0x1</alignment>
         <input_file_ref idref="fl-6"/>
      </object_component>
      <object_component id="oc-e3">
         <name>.rodata.str1.78684948411561424611</name>
         <load_address>0x39b6</load_address>
         <readonly>true</readonly>
         <run_address>0x39b6</run_address>
         <size>0x4</size>
         <alignment>0x1</alignment>
         <input_file_ref idref="fl-6"/>
      </object_component>
      <object_component id="oc-185">
         <name>.binit</name>
         <load_address>0x0</load_address>
         <readonly>true</readonly>
         <run_address>0x0</run_address>
         <size>0x0</size>
         <alignment>0x4</alignment>
      </object_component>
      <object_component id="oc-10c">
         <name>.data.BusFreq</name>
         <load_address>0x20200298</load_address>
         <readwrite>true</readwrite>
         <run_address>0x20200298</run_address>
         <size>0x4</size>
         <alignment>0x4</alignment>
         <input_file_ref idref="fl-3"/>
      </object_component>
      <object_component id="oc-17a">
         <name>.data.M</name>
         <load_address>0x2020029c</load_address>
         <readwrite>true</readwrite>
         <run_address>0x2020029c</run_address>
         <size>0x4</size>
         <alignment>0x4</alignment>
         <input_file_ref idref="fl-6"/>
      </object_component>
      <object_component id="oc-7d">
         <name>.data.laseractive</name>
         <load_address>0x202002b4</load_address>
         <readwrite>true</readwrite>
         <run_address>0x202002b4</run_address>
         <size>0x4</size>
         <alignment>0x4</alignment>
         <input_file_ref idref="fl-6"/>
      </object_component>
      <object_component id="oc-e7">
         <name>.data.score</name>
         <load_address>0x202002c0</load_address>
         <readwrite>true</readwrite>
         <run_address>0x202002c0</run_address>
         <size>0x4</size>
         <alignment>0x4</alignment>
         <input_file_ref idref="fl-6"/>
      </object_component>
      <object_component id="oc-b2">
         <name>.data.slideplot</name>
         <load_address>0x202002c4</load_address>
         <readwrite>true</readwrite>
         <run_address>0x202002c4</run_address>
         <size>0x4</size>
         <alignment>0x4</alignment>
         <input_file_ref idref="fl-6"/>
      </object_component>
      <object_component id="oc-7e">
         <name>.data.flag</name>
         <load_address>0x202002ac</load_address>
         <readwrite>true</readwrite>
         <run_address>0x202002ac</run_address>
         <size>0x4</size>
         <alignment>0x4</alignment>
         <input_file_ref idref="fl-6"/>
      </object_component>
      <object_component id="oc-b3">
         <name>.data.end</name>
         <load_address>0x202002a8</load_address>
         <readwrite>true</readwrite>
         <run_address>0x202002a8</run_address>
         <size>0x4</size>
         <alignment>0x4</alignment>
         <input_file_ref idref="fl-6"/>
      </object_component>
      <object_component id="oc-b1">
         <name>.data.respawn</name>
         <load_address>0x202002bc</load_address>
         <readwrite>true</readwrite>
         <run_address>0x202002bc</run_address>
         <size>0x4</size>
         <alignment>0x4</alignment>
         <input_file_ref idref="fl-6"/>
      </object_component>
      <object_component id="oc-149">
         <name>.data.StX</name>
         <load_address>0x202002a0</load_address>
         <readwrite>true</readwrite>
         <run_address>0x202002a0</run_address>
         <size>0x4</size>
         <alignment>0x4</alignment>
         <input_file_ref idref="fl-9"/>
      </object_component>
      <object_component id="oc-14a">
         <name>.data.StY</name>
         <load_address>0x202002a4</load_address>
         <readwrite>true</readwrite>
         <run_address>0x202002a4</run_address>
         <size>0x4</size>
         <alignment>0x4</alignment>
         <input_file_ref idref="fl-9"/>
      </object_component>
      <object_component id="oc-132">
         <name>.data.StTextColor</name>
         <load_address>0x202002c8</load_address>
         <readwrite>true</readwrite>
         <run_address>0x202002c8</run_address>
         <size>0x2</size>
         <alignment>0x2</alignment>
         <input_file_ref idref="fl-9"/>
      </object_component>
      <object_component id="oc-136">
         <name>.data._width</name>
         <load_address>0x202002cc</load_address>
         <readwrite>true</readwrite>
         <run_address>0x202002cc</run_address>
         <size>0x2</size>
         <alignment>0x2</alignment>
         <input_file_ref idref="fl-9"/>
      </object_component>
      <object_component id="oc-137">
         <name>.data._height</name>
         <load_address>0x202002ca</load_address>
         <readwrite>true</readwrite>
         <run_address>0x202002ca</run_address>
         <size>0x2</size>
         <alignment>0x2</alignment>
         <input_file_ref idref="fl-9"/>
      </object_component>
      <object_component id="oc-73">
         <name>.data.id</name>
         <load_address>0x202002b0</load_address>
         <readwrite>true</readwrite>
         <run_address>0x202002b0</run_address>
         <size>0x4</size>
         <alignment>0x4</alignment>
         <input_file_ref idref="fl-b"/>
      </object_component>
      <object_component id="oc-74">
         <name>.data.len</name>
         <load_address>0x202002b8</load_address>
         <readwrite>true</readwrite>
         <run_address>0x202002b8</run_address>
         <size>0x4</size>
         <alignment>0x4</alignment>
         <input_file_ref idref="fl-b"/>
      </object_component>
      <object_component id="oc-12e">
         <name>.bss.ColStart</name>
         <uninitialized>true</uninitialized>
         <readwrite>true</readwrite>
         <run_address>0x20200294</run_address>
         <size>0x1</size>
         <alignment>0x1</alignment>
         <input_file_ref idref="fl-9"/>
      </object_component>
      <object_component id="oc-12f">
         <name>.bss.RowStart</name>
         <uninitialized>true</uninitialized>
         <readwrite>true</readwrite>
         <run_address>0x20200295</run_address>
         <size>0x1</size>
         <alignment>0x1</alignment>
         <input_file_ref idref="fl-9"/>
      </object_component>
      <object_component id="oc-131">
         <name>.bss.TabColor</name>
         <uninitialized>true</uninitialized>
         <readwrite>true</readwrite>
         <run_address>0x20200296</run_address>
         <size>0x1</size>
         <alignment>0x1</alignment>
         <input_file_ref idref="fl-9"/>
      </object_component>
      <object_component id="oc-72">
         <name>.bss.arr</name>
         <uninitialized>true</uninitialized>
         <readwrite>true</readwrite>
         <run_address>0x20200284</run_address>
         <size>0x4</size>
         <alignment>0x4</alignment>
         <input_file_ref idref="fl-b"/>
      </object_component>
      <object_component id="oc-b0">
         <name>.common:bguys</name>
         <uninitialized>true</uninitialized>
         <readwrite>true</readwrite>
         <run_address>0x20200200</run_address>
         <size>0x28</size>
         <alignment>0x4</alignment>
      </object_component>
      <object_component id="oc-a6">
         <name>.common:me</name>
         <uninitialized>true</uninitialized>
         <readwrite>true</readwrite>
         <run_address>0x20200250</run_address>
         <size>0x28</size>
         <alignment>0x4</alignment>
      </object_component>
      <object_component id="oc-a7">
         <name>.common:laser</name>
         <uninitialized>true</uninitialized>
         <readwrite>true</readwrite>
         <run_address>0x20200228</run_address>
         <size>0x28</size>
         <alignment>0x4</alignment>
      </object_component>
      <object_component id="oc-14e">
         <name>.common:Messageindex</name>
         <uninitialized>true</uninitialized>
         <readwrite>true</readwrite>
         <run_address>0x20200288</run_address>
         <size>0x4</size>
         <alignment>0x4</alignment>
      </object_component>
      <object_component id="oc-14f">
         <name>.common:Message</name>
         <uninitialized>true</uninitialized>
         <readwrite>true</readwrite>
         <run_address>0x20200278</run_address>
         <size>0xc</size>
         <alignment>0x1</alignment>
      </object_component>
      <object_component id="oc-77">
         <name>.common:TExaSadc</name>
         <uninitialized>true</uninitialized>
         <readwrite>true</readwrite>
         <run_address>0x20200290</run_address>
         <size>0x4</size>
         <alignment>0x4</alignment>
      </object_component>
      <object_component id="oc-78">
         <name>.common:TExaSLogic</name>
         <uninitialized>true</uninitialized>
         <readwrite>true</readwrite>
         <run_address>0x2020028c</run_address>
         <size>0x4</size>
         <alignment>0x4</alignment>
      </object_component>
      <object_component id="oc-2f">
         <name>.sysmem</name>
         <uninitialized>true</uninitialized>
         <readwrite>true</readwrite>
         <run_address>0x20200000</run_address>
         <size>0x10</size>
         <alignment>0x8</alignment>
         <input_file_ref idref="fl-38"/>
      </object_component>
      <object_component id="oc-1c1">
         <name>.sysmem</name>
         <uninitialized>true</uninitialized>
         <readwrite>true</readwrite>
         <run_address>0x20200000</run_address>
         <size>0x0</size>
         <alignment>0x4</alignment>
      </object_component>
      <object_component id="oc-1a">
         <name>.stack</name>
         <uninitialized>true</uninitialized>
         <readwrite>true</readwrite>
         <run_address>0x20207e00</run_address>
         <size>0x4</size>
         <alignment>0x4</alignment>
         <input_file_ref idref="fl-3d"/>
      </object_component>
      <object_component id="oc-1c0">
         <name>.stack</name>
         <uninitialized>true</uninitialized>
         <readwrite>true</readwrite>
         <run_address>0x20207e00</run_address>
         <size>0x0</size>
         <alignment>0x8</alignment>
      </object_component>
      <object_component id="oc-115">
         <name>.debug_abbrev</name>
         <load_address>0x0</load_address>
         <run_address>0x0</run_address>
         <size>0xf5</size>
         <alignment>0x1</alignment>
         <input_file_ref idref="fl-1"/>
      </object_component>
      <object_component id="oc-10d">
         <name>.debug_abbrev</name>
         <load_address>0xf5</load_address>
         <run_address>0xf5</run_address>
         <size>0x16c</size>
         <alignment>0x1</alignment>
         <input_file_ref idref="fl-3"/>
      </object_component>
      <object_component id="oc-99">
         <name>.debug_abbrev</name>
         <load_address>0x261</load_address>
         <run_address>0x261</run_address>
         <size>0xd6</size>
         <alignment>0x1</alignment>
         <input_file_ref idref="fl-4"/>
      </object_component>
      <object_component id="oc-138">
         <name>.debug_abbrev</name>
         <load_address>0x337</load_address>
         <run_address>0x337</run_address>
         <size>0x6b</size>
         <alignment>0x1</alignment>
         <input_file_ref idref="fl-5"/>
      </object_component>
      <object_component id="oc-7f">
         <name>.debug_abbrev</name>
         <load_address>0x3a2</load_address>
         <run_address>0x3a2</run_address>
         <size>0x1eb</size>
         <alignment>0x1</alignment>
         <input_file_ref idref="fl-6"/>
      </object_component>
      <object_component id="oc-121">
         <name>.debug_abbrev</name>
         <load_address>0x58d</load_address>
         <run_address>0x58d</run_address>
         <size>0x10d</size>
         <alignment>0x1</alignment>
         <input_file_ref idref="fl-7"/>
      </object_component>
      <object_component id="oc-168">
         <name>.debug_abbrev</name>
         <load_address>0x69a</load_address>
         <run_address>0x69a</run_address>
         <size>0xdb</size>
         <alignment>0x1</alignment>
         <input_file_ref idref="fl-8"/>
      </object_component>
      <object_component id="oc-133">
         <name>.debug_abbrev</name>
         <load_address>0x775</load_address>
         <run_address>0x775</run_address>
         <size>0x174</size>
         <alignment>0x1</alignment>
         <input_file_ref idref="fl-9"/>
      </object_component>
      <object_component id="oc-75">
         <name>.debug_abbrev</name>
         <load_address>0x8e9</load_address>
         <run_address>0x8e9</run_address>
         <size>0x124</size>
         <alignment>0x1</alignment>
         <input_file_ref idref="fl-b"/>
      </object_component>
      <object_component id="oc-10f">
         <name>.debug_abbrev</name>
         <load_address>0xa0d</load_address>
         <run_address>0xa0d</run_address>
         <size>0xd8</size>
         <alignment>0x1</alignment>
         <input_file_ref idref="fl-c"/>
      </object_component>
      <object_component id="oc-79">
         <name>.debug_abbrev</name>
         <load_address>0xae5</load_address>
         <run_address>0xae5</run_address>
         <size>0x129</size>
         <alignment>0x1</alignment>
         <input_file_ref idref="fl-d"/>
      </object_component>
      <object_component id="oc-143">
         <name>.debug_abbrev</name>
         <load_address>0xc0e</load_address>
         <run_address>0xc0e</run_address>
         <size>0xf3</size>
         <alignment>0x1</alignment>
         <input_file_ref idref="fl-e"/>
      </object_component>
      <object_component id="oc-46">
         <name>.debug_abbrev</name>
         <load_address>0xd01</load_address>
         <run_address>0xd01</run_address>
         <size>0x6d</size>
         <alignment>0x1</alignment>
         <input_file_ref idref="fl-10"/>
      </object_component>
      <object_component id="oc-152">
         <name>.debug_abbrev</name>
         <load_address>0xd6e</load_address>
         <run_address>0xd6e</run_address>
         <size>0xb3</size>
         <alignment>0x1</alignment>
         <input_file_ref idref="fl-34"/>
      </object_component>
      <object_component id="oc-68">
         <name>.debug_abbrev</name>
         <load_address>0xe21</load_address>
         <run_address>0xe21</run_address>
         <size>0x299</size>
         <alignment>0x1</alignment>
         <input_file_ref idref="fl-38"/>
      </object_component>
      <object_component id="oc-83">
         <name>.debug_abbrev</name>
         <load_address>0x10ba</load_address>
         <run_address>0x10ba</run_address>
         <size>0xc2</size>
         <alignment>0x1</alignment>
         <input_file_ref idref="fl-3a"/>
      </object_component>
      <object_component id="oc-55">
         <name>.debug_abbrev</name>
         <load_address>0x117c</load_address>
         <run_address>0x117c</run_address>
         <size>0x70</size>
         <alignment>0x1</alignment>
         <input_file_ref idref="fl-3b"/>
      </object_component>
      <object_component id="oc-4d">
         <name>.debug_abbrev</name>
         <load_address>0x11ec</load_address>
         <run_address>0x11ec</run_address>
         <size>0x8d</size>
         <alignment>0x1</alignment>
         <input_file_ref idref="fl-3c"/>
      </object_component>
      <object_component id="oc-48">
         <name>.debug_abbrev</name>
         <load_address>0x1279</load_address>
         <run_address>0x1279</run_address>
         <size>0xaf</size>
         <alignment>0x1</alignment>
         <input_file_ref idref="fl-3d"/>
      </object_component>
      <object_component id="oc-158">
         <name>.debug_abbrev</name>
         <load_address>0x1328</load_address>
         <run_address>0x1328</run_address>
         <size>0x170</size>
         <alignment>0x1</alignment>
         <input_file_ref idref="fl-45"/>
      </object_component>
      <object_component id="oc-bc">
         <name>.debug_abbrev</name>
         <load_address>0x1498</load_address>
         <run_address>0x1498</run_address>
         <size>0x39</size>
         <alignment>0x1</alignment>
         <input_file_ref idref="fl-46"/>
      </object_component>
      <object_component id="oc-82">
         <name>.debug_abbrev</name>
         <load_address>0x14d1</load_address>
         <run_address>0x14d1</run_address>
         <size>0x27</size>
         <alignment>0x1</alignment>
         <input_file_ref idref="fl-101"/>
      </object_component>
      <object_component id="oc-163">
         <name>.debug_abbrev</name>
         <load_address>0x14f8</load_address>
         <run_address>0x14f8</run_address>
         <size>0x27</size>
         <alignment>0x1</alignment>
         <input_file_ref idref="fl-103"/>
      </object_component>
      <object_component id="oc-177">
         <name>.debug_abbrev</name>
         <load_address>0x151f</load_address>
[...]
      </symbol>
      <symbol id="sm-ab">
         <name>Random</name>
         <value>0x55b1</value>
         <object_component_ref idref="oc-113"/>
      </symbol>
      <symbol id="sm-ac">
         <name>TExaS_LaunchPadLogicPB27PB26</name>
         <value>0x568d</value>
         <object_component_ref idref="oc-e1"/>
      </symbol>
      <symbol id="sm-ad">
         <name>bguys_init</name>
         <value>0x4e55</value>
         <object_component_ref idref="oc-a8"/>
      </symbol>
      <symbol id="sm-ae">
         <name>bguys</name>
         <value>0x20200200</value>
      </symbol>
      <symbol id="sm-af">
         <name>SmallEnemy30pointA</name>
         <value>0x33b6</value>
         <object_component_ref idref="oc-114"/>
      </symbol>
      <symbol id="sm-b0">
         <name>me_init</name>
         <value>0x53fd</value>
         <object_component_ref idref="oc-d3"/>
      </symbol>
      <symbol id="sm-b1">
         <name>me</name>
         <value>0x20200250</value>
      </symbol>
      <symbol id="sm-b2">
         <name>PlayerShip0</name>
         <value>0x3636</value>
         <object_component_ref idref="oc-13b"/>
      </symbol>
      <symbol id="sm-b3">
         <name>laser_init</name>
         <value>0x5481</value>
         <object_component_ref idref="oc-d4"/>
      </symbol>
      <symbol id="sm-b4">
         <name>laser</name>
         <value>0x20200228</value>
      </symbol>
      <symbol id="sm-b5">
         <name>ycoin</name>
         <value>0x38dc</value>
         <object_component_ref idref="oc-13c"/>
      </symbol>
      <symbol id="sm-b6">
         <name>shoot_laser</name>
         <value>0x4ec1</value>
         <object_component_ref idref="oc-7b"/>
      </symbol>
      <symbol id="sm-b7">
         <name>laseractive</name>
         <value>0x202002b4</value>
         <object_component_ref idref="oc-7d"/>
      </symbol>
      <symbol id="sm-b8">
         <name>laserhit</name>
         <value>0x480d</value>
         <object_component_ref idref="oc-af"/>
      </symbol>
      <symbol id="sm-b9">
         <name>score</name>
         <value>0x202002c0</value>
         <object_component_ref idref="oc-e7"/>
      </symbol>
      <symbol id="sm-ba">
         <name>respawn</name>
         <value>0x202002bc</value>
         <object_component_ref idref="oc-b1"/>
      </symbol>
      <symbol id="sm-bb">
         <name>cont</name>
         <value>0x4241</value>
         <object_component_ref idref="oc-7c"/>
      </symbol>
      <symbol id="sm-bc">
         <name>slideplot</name>
         <value>0x202002c4</value>
         <object_component_ref idref="oc-b2"/>
      </symbol>
      <symbol id="sm-bd">
         <name>end</name>
         <value>0x202002a8</value>
         <object_component_ref idref="oc-b3"/>
      </symbol>
      <symbol id="sm-be">
         <name>draw</name>
         <value>0x4661</value>
         <object_component_ref idref="oc-dc"/>
      </symbol>
      <symbol id="sm-bf">
         <name>PlayerShipBlank</name>
         <value>0x3756</value>
         <object_component_ref idref="oc-146"/>
      </symbol>
      <symbol id="sm-c0">
         <name>SmallEnemyBlank</name>
         <value>0x34f6</value>
         <object_component_ref idref="oc-147"/>
      </symbol>
      <symbol id="sm-c1">
         <name>LaserBlank</name>
         <value>0x31b6</value>
         <object_component_ref idref="oc-148"/>
      </symbol>
      <symbol id="sm-c2">
         <name>main</name>
         <value>0x3bd1</value>
         <object_component_ref idref="oc-8e"/>
      </symbol>
      <symbol id="sm-c3">
         <name>flag</name>
         <value>0x202002ac</value>
         <object_component_ref idref="oc-7e"/>
      </symbol>
      <symbol id="sm-c4">
         <name>TIMG12_IRQHandler</name>
         <value>0x532d</value>
         <object_component_ref idref="oc-41"/>
      </symbol>
      <symbol id="sm-d4">
         <name>Delay</name>
         <value>0x567d</value>
         <object_component_ref idref="oc-166"/>
      </symbol>
      <symbol id="sm-d5">
         <name>ActivatePortA_B</name>
         <value>0x52bd</value>
         <object_component_ref idref="oc-120"/>
      </symbol>
      <symbol id="sm-d6">
         <name>LaunchPad_Init</name>
         <value>0x4d5d</value>
         <object_component_ref idref="oc-bf"/>
      </symbol>
      <symbol id="sm-e9">
         <name>SPI_Init</name>
         <value>0x4481</value>
         <object_component_ref idref="oc-167"/>
      </symbol>
      <symbol id="sm-ea">
         <name>SPI_Reset</name>
         <value>0x5149</value>
         <object_component_ref idref="oc-17b"/>
      </symbol>
      <symbol id="sm-eb">
         <name>SPI_OutData</name>
         <value>0x52f5</value>
         <object_component_ref idref="oc-12a"/>
      </symbol>
      <symbol id="sm-ec">
         <name>SPI_OutCommand</name>
         <value>0x5079</value>
         <object_component_ref idref="oc-125"/>
      </symbol>
      <symbol id="sm-135">
         <name>ST7735_SetCursor</name>
         <value>0x5399</value>
         <object_component_ref idref="oc-dd"/>
      </symbol>
      <symbol id="sm-136">
         <name>ST7735_FillScreen</name>
         <value>0x542d</value>
         <object_component_ref idref="oc-ca"/>
      </symbol>
      <symbol id="sm-137">
         <name>StTextColor</name>
         <value>0x202002c8</value>
         <object_component_ref idref="oc-132"/>
      </symbol>
      <symbol id="sm-138">
         <name>StX</name>
         <value>0x202002a0</value>
         <object_component_ref idref="oc-149"/>
      </symbol>
      <symbol id="sm-139">
         <name>StY</name>
         <value>0x202002a4</value>
         <object_component_ref idref="oc-14a"/>
      </symbol>
      <symbol id="sm-13a">
         <name>ST7735_FillRect</name>
         <value>0x4369</value>
         <object_component_ref idref="oc-135"/>
      </symbol>
      <symbol id="sm-13b">
         <name>ST7735_InitR</name>
         <value>0x4a1d</value>
         <object_component_ref idref="oc-c5"/>
      </symbol>
      <symbol id="sm-13c">
         <name>ST7735_DrawBitmap</name>
         <value>0x39c1</value>
         <object_component_ref idref="oc-145"/>
      </symbol>
      <symbol id="sm-13d">
         <name>ST7735_DrawChar</name>
         <value>0x3f71</value>
         <object_component_ref idref="oc-14d"/>
      </symbol>
      <symbol id="sm-13e">
         <name>ST7735_DrawString</name>
         <value>0x4c55</value>
         <object_component_ref idref="oc-14c"/>
      </symbol>
      <symbol id="sm-13f">
         <name>fillmessage</name>
         <value>0x4fdd</value>
         <object_component_ref idref="oc-14b"/>
      </symbol>
      <symbol id="sm-140">
         <name>Messageindex</name>
         <value>0x20200288</value>
      </symbol>
      <symbol id="sm-141">
         <name>Message</name>
         <value>0x20200278</value>
      </symbol>
      <symbol id="sm-142">
         <name>ST7735_OutUDec</name>
         <value>0x4cd9</value>
         <object_component_ref idref="oc-de"/>
      </symbol>
      <symbol id="sm-143">
         <name>ST7735_OutChar</name>
         <value>0x473d</value>
         <object_component_ref idref="oc-142"/>
      </symbol>
      <symbol id="sm-144">
         <name>ST7735_OutString</name>
         <value>0x54d1</value>
         <object_component_ref idref="oc-d6"/>
      </symbol>
      <symbol id="sm-166">
         <name>SysTick_IntArm</name>
         <value>0x5105</value>
         <object_component_ref idref="oc-c4"/>
      </symbol>
      <symbol id="sm-167">
         <name>Sound_Init</name>
         <value>0x54f9</value>
         <object_component_ref idref="oc-d2"/>
      </symbol>
      <symbol id="sm-168">
         <name>SysTick_Handler</name>
         <value>0x4f2d</value>
         <object_component_ref idref="oc-37"/>
      </symbol>
      <symbol id="sm-169">
         <name>id</name>
         <value>0x202002b0</value>
         <object_component_ref idref="oc-73"/>
      </symbol>
      <symbol id="sm-16a">
         <name>len</name>
         <value>0x202002b8</value>
         <object_component_ref idref="oc-74"/>
      </symbol>
      <symbol id="sm-16b">
         <name>Sound_Start</name>
         <value>0x5245</value>
         <object_component_ref idref="oc-111"/>
      </symbol>
      <symbol id="sm-16c">
         <name>Sound_Shoot</name>
         <value>0x5635</value>
         <object_component_ref idref="oc-a5"/>
      </symbol>
      <symbol id="sm-16d">
         <name>shoot</name>
         <value>0xc0</value>
         <object_component_ref idref="oc-112"/>
      </symbol>
      <symbol id="sm-16e">
         <name>Sound_Killed</name>
         <value>0x5621</value>
         <object_component_ref idref="oc-ae"/>
      </symbol>
      <symbol id="sm-16f">
         <name>invaderkilled</name>
         <value>0x10b0</value>
         <object_component_ref idref="oc-117"/>
      </symbol>
      <symbol id="sm-170">
         <name>Sound_Explosion</name>
         <value>0x55f9</value>
         <object_component_ref idref="oc-df"/>
      </symbol>
      <symbol id="sm-171">
         <name>explosion</name>
         <value>0x1de1</value>
         <object_component_ref idref="oc-150"/>
      </symbol>
      <symbol id="sm-172">
         <name>Sound_Highpitch</name>
         <value>0x560d</value>
         <object_component_ref idref="oc-e0"/>
      </symbol>
      <symbol id="sm-173">
         <name>highpitch</name>
         <value>0x25b1</value>
         <object_component_ref idref="oc-151"/>
      </symbol>
      <symbol id="sm-180">
         <name>Switch_Init</name>
         <value>0x55c9</value>
         <object_component_ref idref="oc-cc"/>
      </symbol>
      <symbol id="sm-181">
         <name>Switch_In</name>
         <value>0x50c1</value>
         <object_component_ref idref="oc-a0"/>
      </symbol>
      <symbol id="sm-197">
         <name>ADC_Init</name>
         <value>0x4119</value>
         <object_component_ref idref="oc-13d"/>
      </symbol>
      <symbol id="sm-198">
         <name>ADC_Start</name>
         <value>0x5459</value>
         <object_component_ref idref="oc-13e"/>
      </symbol>
      <symbol id="sm-199">
         <name>UART_Init</name>
         <value>0x4579</value>
         <object_component_ref idref="oc-13f"/>
      </symbol>
      <symbol id="sm-19a">
         <name>TIMG7_IRQHandler</name>
         <value>0x5189</value>
         <object_component_ref idref="oc-3c"/>
      </symbol>
      <symbol id="sm-19b">
         <name>TExaSadc</name>
         <value>0x20200290</value>
      </symbol>
      <symbol id="sm-19c">
         <name>TExaSLogic</name>
         <value>0x2020028c</value>
      </symbol>
      <symbol id="sm-19d">
         <name>TExaS_Init</name>
         <value>0x4f85</value>
         <object_component_ref idref="oc-d5"/>
      </symbol>
      <symbol id="sm-1aa">
         <name>TimerG7_IntArm</name>
         <value>0x48d1</value>
         <object_component_ref idref="oc-141"/>
      </symbol>
      <symbol id="sm-1ab">
         <name>TimerG12_IntArm</name>
         <value>0x4ab5</value>
         <object_component_ref idref="oc-d7"/>
      </symbol>
      <symbol id="sm-1bd">
         <name>Default_Handler</name>
         <value>0x5579</value>
         <object_component_ref idref="oc-35"/>
      </symbol>
      <symbol id="sm-1be">
         <name>Reset_Handler</name>
         <value>0x56bd</value>
         <object_component_ref idref="oc-31"/>
      </symbol>
      <symbol id="sm-1bf">
         <name>HardFault_Handler</name>
         <value>0x5595</value>
         <object_component_ref idref="oc-36"/>
      </symbol>
      <symbol id="sm-1c0">
         <name>interruptVectors</name>
         <value>0x0</value>
         <object_component_ref idref="oc-18"/>
      </symbol>
      <symbol id="sm-1c1">
         <name>NMI_Handler</name>
         <value>0x5579</value>
         <object_component_ref idref="oc-35"/>
      </symbol>
      <symbol id="sm-1c2">
         <name>SVC_Handler</name>
         <value>0x5579</value>
         <object_component_ref idref="oc-35"/>
      </symbol>
      <symbol id="sm-1c3">
         <name>PendSV_Handler</name>
         <value>0x5579</value>
         <object_component_ref idref="oc-35"/>
      </symbol>
      <symbol id="sm-1c4">
         <name>GROUP0_IRQHandler</name>
         <value>0x5579</value>
         <object_component_ref idref="oc-35"/>
      </symbol>
      <symbol id="sm-1c5">
         <name>GROUP1_IRQHandler</name>
         <value>0x5579</value>
         <object_component_ref idref="oc-35"/>
      </symbol>
      <symbol id="sm-1c6">
         <name>TIMG8_IRQHandler</name>
         <value>0x5579</value>
         <object_component_ref idref="oc-35"/>
      </symbol>
      <symbol id="sm-1c7">
         <name>UART3_IRQHandler</name>
         <value>0x5579</value>
         <object_component_ref idref="oc-35"/>
      </symbol>
      <symbol id="sm-1c8">
         <name>ADC0_IRQHandler</name>
         <value>0x5579</value>
         <object_component_ref idref="oc-35"/>
      </symbol>
      <symbol id="sm-1c9">
         <name>ADC1_IRQHandler</name>
         <value>0x5579</value>
         <object_component_ref idref="oc-35"/>
      </symbol>
      <symbol id="sm-1ca">
         <name>CANFD0_IRQHandler</name>
         <value>0x5579</value>
         <object_component_ref idref="oc-35"/>
      </symbol>
      <symbol id="sm-1cb">
         <name>DAC0_IRQHandler</name>
         <value>0x5579</value>
         <object_component_ref idref="oc-35"/>
      </symbol>
      <symbol id="sm-1cc">
         <name>SPI0_IRQHandler</name>
         <value>0x5579</value>
         <object_component_ref idref="oc-35"/>
      </symbol>
      <symbol id="sm-1cd">
         <name>SPI1_IRQHandler</name>
         <value>0x5579</value>
         <object_component_ref idref="oc-35"/>
      </symbol>
      <symbol id="sm-1ce">
         <name>UART1_IRQHandler</name>
         <value>0x5579</value>
         <object_component_ref idref="oc-35"/>
      </symbol>
      <symbol id="sm-1cf">
         <name>UART2_IRQHandler</name>
         <value>0x5579</value>
         <object_component_ref idref="oc-35"/>
      </symbol>
      <symbol id="sm-1d0">
         <name>UART0_IRQHandler</name>
         <value>0x5579</value>
         <object_component_ref idref="oc-35"/>
      </symbol>
      <symbol id="sm-1d1">
         <name>TIMG0_IRQHandler</name>
         <value>0x5579</value>
         <object_component_ref idref="oc-35"/>
      </symbol>
      <symbol id="sm-1d2">
         <name>TIMG6_IRQHandler</name>
         <value>0x5579</value>
         <object_component_ref idref="oc-35"/>
      </symbol>
      <symbol id="sm-1d3">
         <name>TIMA0_IRQHandler</name>
         <value>0x5579</value>
         <object_component_ref idref="oc-35"/>
      </symbol>
      <symbol id="sm-1d4">
         <name>TIMA1_IRQHandler</name>
         <value>0x5579</value>
         <object_component_ref idref="oc-35"/>
      </symbol>
      <symbol id="sm-1d5">
         <name>I2C0_IRQHandler</name>
         <value>0x5579</value>
         <object_component_ref idref="oc-35"/>
      </symbol>
      <symbol id="sm-1d6">
         <name>I2C1_IRQHandler</name>
         <value>0x5579</value>
         <object_component_ref idref="oc-35"/>
      </symbol>
      <symbol id="sm-1d7">
         <name>AES_IRQHandler</name>
         <value>0x5579</value>
         <object_component_ref idref="oc-35"/>
      </symbol>
      <symbol id="sm-1d8">
         <name>RTC_IRQHandler</name>
         <value>0x5579</value>
         <object_component_ref idref="oc-35"/>
      </symbol>
      <symbol id="sm-1d9">
         <name>DMA_IRQHandler</name>
         <value>0x5579</value>
         <object_component_ref idref="oc-35"/>
      </symbol>
      <symbol id="sm-1da">
         <name>__TI_ATRegion0_src_addr</name>
         <value>0x0</value>
      </symbol>
      <symbol id="sm-1db">
         <name>__TI_ATRegion0_trg_addr</name>
         <value>0x0</value>
      </symbol>
      <symbol id="sm-1dc">
         <name>__TI_ATRegion0_region_sz</name>
         <value>0x0</value>
      </symbol>
      <symbol id="sm-1dd">
         <name>__TI_ATRegion1_src_addr</name>
         <value>0x0</value>
      </symbol>
      <symbol id="sm-1de">
         <name>__TI_ATRegion1_trg_addr</name>
         <value>0x0</value>
      </symbol>
      <symbol id="sm-1df">
         <name>__TI_ATRegion1_region_sz</name>
         <value>0x0</value>
      </symbol>
      <symbol id="sm-1e0">
         <name>__TI_ATRegion2_src_addr</name>
         <value>0x0</value>
      </symbol>
      <symbol id="sm-1e1">
         <name>__TI_ATRegion2_trg_addr</name>
         <value>0x0</value>
      </symbol>
      <symbol id="sm-1e2">
         <name>__TI_ATRegion2_region_sz</name>
         <value>0x0</value>
      </symbol>
      <symbol id="sm-1ef">
         <name>abort</name>
         <value>0x56c5</value>
         <object_component_ref idref="oc-ee"/>
      </symbol>
      <symbol id="sm-1f0">
         <name>C$$EXIT</name>
         <value>0x56c4</value>
         <object_component_ref idref="oc-ee"/>
      </symbol>
      <symbol id="sm-1fa">
         <name>_sys_memory</name>
         <value>0x20200000</value>
         <object_component_ref idref="oc-2f"/>
      </symbol>
      <symbol id="sm-205">
         <name>__TI_zero_init_nomemset</name>
         <value>0x55e1</value>
         <object_component_ref idref="oc-58"/>
      </symbol>
      <symbol id="sm-20e">
         <name>__TI_decompress_none</name>
         <value>0x565b</value>
         <object_component_ref idref="oc-20"/>
      </symbol>
      <symbol id="sm-219">
         <name>__TI_decompress_lzss</name>
         <value>0x4dd9</value>
         <object_component_ref idref="oc-1c"/>
      </symbol>
      <symbol id="sm-224">
         <name>_c_int00_noargs</name>
         <value>0x54a9</value>
         <object_component_ref idref="oc-61"/>
      </symbol>
      <symbol id="sm-225">
         <name>__stack</name>
         <value>0x20207e00</value>
         <object_component_ref idref="oc-1a"/>
      </symbol>
      <symbol id="sm-237">
         <name>__TI_auto_init_nobinit_nopinit</name>
         <value>0x5281</value>
         <object_component_ref idref="oc-f5"/>
      </symbol>
      <symbol id="sm-23f">
         <name>_system_pre_init</name>
         <value>0x56c1</value>
         <object_component_ref idref="oc-8a"/>
      </symbol>
      <symbol id="sm-25e">
         <name>__aeabi_memcpy</name>
         <value>0x56b5</value>
         <object_component_ref idref="oc-51"/>
      </symbol>
      <symbol id="sm-25f">
         <name>__aeabi_memcpy4</name>
         <value>0x56b5</value>
         <object_component_ref idref="oc-51"/>
      </symbol>
      <symbol id="sm-260">
         <name>__aeabi_memcpy8</name>
         <value>0x56b5</value>
         <object_component_ref idref="oc-51"/>
      </symbol>
      <symbol id="sm-266">
         <name>__aeabi_uidiv</name>
         <value>0x51c9</value>
         <object_component_ref idref="oc-107"/>
      </symbol>
      <symbol id="sm-267">
         <name>__aeabi_uidivmod</name>
         <value>0x51c9</value>
         <object_component_ref idref="oc-107"/>
      </symbol>
      <symbol id="sm-272">
         <name>__aeabi_idiv0</name>
         <value>0x54f7</value>
         <object_component_ref idref="oc-15e"/>
      </symbol>
      <symbol id="sm-27c">
         <name>TI_memcpy_small</name>
         <value>0x5649</value>
         <object_component_ref idref="oc-b4"/>
      </symbol>
      <symbol id="sm-27d">
         <name>__TI_static_base__</name>
         <value>0x0</value>
      </symbol>
      <symbol id="sm-280">
         <name>__mpu_init</name>
         <value>0x0</value>
      </symbol>
      <symbol id="sm-281">
         <name>_system_post_cinit</name>
         <value>0x0</value>
      </symbol>
   </symbol_table>
   <title>Link successful</title>
</link_info>
