******************************************************************************
            TI ARM Clang Linker Unix v4.0.1                    
******************************************************************************
>> Linked Wed Apr 23 18:03:33 2025

OUTPUT FILE NAME:   <ECE319K_Lab9.out>
ENTRY POINT SYMBOL: "_c_int00_noargs"  address: 000054a9


MEMORY CONFIGURATION

         name            origin    length      used     unused   attr    fill
----------------------  --------  ---------  --------  --------  ----  --------
  FLASH                 00000000   00020000  00005708  0001a8f8  R  X
  SRAM                  20200000   00008000  000004cd  00007b33  RW X
  BCR_CONFIG            41c00000   00000080  00000000  00000080  R   
  BSL_CONFIG            41c00100   00000080  00000000  00000080  R   


SEGMENT ALLOCATION MAP

run origin  load origin   length   init length attrs members
----------  ----------- ---------- ----------- ----- -------
00000000    00000000    00005708   00005708    r-x
  00000000    00000000    000000c0   000000c0    r-- .intvecs
  000000c0    000000c0    00003900   00003900    r-- .rodata
  000039c0    000039c0    00001d08   00001d08    r-x .text
  000056c8    000056c8    00000040   00000040    r-- .cinit
20200000    20200000    000002ce   00000000    rw-
  20200000    20200000    00000200   00000000    rw- .sysmem
  20200200    20200200    00000097   00000000    rw- .bss
  20200298    20200298    00000036   00000000    rw- .data
20207e00    20207e00    00000200   00000000    rw-
  20207e00    20207e00    00000200   00000000    rw- .stack


SECTION ALLOCATION MAP

 output                                  attributes/
section   page    origin      length       input sections
--------  ----  ----------  ----------   ----------------
.intvecs   0    00000000    000000c0     
                  00000000    000000c0     startup_mspm0g3507_ticlang.o (.intvecs)

.text      0    000039c0    00001d08     
                  000039c0    00000210     ST7735.o (.text.ST7735_DrawBitmap)
                  00003bd0    000001ec     Lab9Main.o (.text.main)
                  00003dbc    000001b4     Clock.o (.text.Clock_Init80MHz)
                  00003f70    000001a8     ST7735.o (.text.ST7735_DrawChar)
                  00004118    00000128     TExaS.o (.text.ADC_Init)
                  00004240    00000128     Lab9Main.o (.text.cont)
                  00004368    00000118     ST7735.o (.text.ST7735_FillRect)
                  00004480    000000f8     SPI.o (.text.SPI_Init)
                  00004578    000000e8     TExaS.o (.text.UART_Init)
                  00004660    000000dc     Lab9Main.o (.text.draw)
                  0000473c    000000d0     ST7735.o (.text.ST7735_OutChar)
                  0000480c    000000c4     Lab9Main.o (.text.laserhit)
                  000048d0    000000a8     Timer.o (.text.TimerG7_IntArm)
                  00004978    000000a2     ST7735.o (.text.commandList)
                  00004a1a    00000002     LED.o (.text.LED_Init)
                  00004a1c    00000098     ST7735.o (.text.ST7735_InitR)
                  00004ab4    00000094     Timer.o (.text.TimerG12_IntArm)
                  00004b48    00000088     ST7735.o (.text.setAddrWindow)
                  00004bd0    00000084     ADC1.o (.text.ADCinit)
                  00004c54    00000084     ST7735.o (.text.ST7735_DrawString)
                  00004cd8    00000084     ST7735.o (.text.ST7735_OutUDec)
                  00004d5c    0000007c     LaunchPad.o (.text.LaunchPad_Init)
                  00004dd8    0000007c     libc.a : copy_decompress_lzss.c.obj (.text:decompress:lzss)
                  00004e54    0000006c     Lab9Main.o (.text.bguys_init)
                  00004ec0    0000006c     Lab9Main.o (.text.shoot_laser)
                  00004f2c    00000058     Sound.o (.text.SysTick_Handler)
                  00004f84    00000058     TExaS.o (.text.TExaS_Init)
                  00004fdc    00000054     ST7735.o (.text.fillmessage)
                  00005030    00000048     ADC1.o (.text.ADCin)
                  00005078    00000048     SPI.o (.text.SPI_OutCommand)
                  000050c0    00000044     Switch.o (.text.Switch_In)
                  00005104    00000044     Sound.o (.text.SysTick_IntArm)
                  00005148    00000040     SPI.o (.text.SPI_Reset)
                  00005188    00000040     TExaS.o (.text.TIMG7_IRQHandler)
                  000051c8    00000040     libclang_rt.builtins.a : aeabi_uidivmod.S.obj (.text.__aeabi_uidivmod)
                  00005208    0000003c     DAC5.o (.text.DAC5_Init)
                  00005244    0000003c     Sound.o (.text.Sound_Start)
                  00005280    0000003c     libc.a : autoinit.c.obj (.text:__TI_auto_init_nobinit_nopinit)
                  000052bc    00000038     LaunchPad.o (.text.ActivatePortA_B)
                  000052f4    00000038     SPI.o (.text.SPI_OutData)
                  0000532c    00000038     Lab9Main.o (.text.TIMG12_IRQHandler)
                  00005364    00000034     Clock.o (.text.Clock_Delay1ms)
                  00005398    00000034     ST7735.o (.text.ST7735_SetCursor)
                  000053cc    00000030     ST7735.o (.text.commonInit)
                  000053fc    00000030     Lab9Main.o (.text.me_init)
                  0000542c    0000002c     ST7735.o (.text.ST7735_FillScreen)
                  00005458    00000028     TExaS.o (.text.ADC_Start)
                  00005480    00000028     Lab9Main.o (.text.laser_init)
                  000054a8    00000028     libc.a : boot_cortex_m.c.obj (.text:_c_int00_noargs)
                  000054d0    00000026     ST7735.o (.text.ST7735_OutString)
                  000054f6    00000002     libclang_rt.builtins.a : aeabi_div0.c.obj (.text.__aeabi_idiv0)
                  000054f8    00000024     Sound.o (.text.Sound_Init)
                  0000551c    00000020     Lab9Main.o (.text.Random32)
                  0000553c    0000001e     ST7735.o (.text.pushColor)
                  0000555a    00000002     --HOLE-- [fill = 0]
                  0000555c    0000001c     DAC5.o (.text.DAC5_Out)
                  00005578    0000001c     startup_mspm0g3507_ticlang.o (.text.Default_Handler)
                  00005594    0000001c     startup_mspm0g3507_ticlang.o (.text.HardFault_Handler)
                  000055b0    00000018     Lab9Main.o (.text.Random)
                  000055c8    00000018     Switch.o (.text.Switch_Init)
                  000055e0    00000016     libc.a : copy_zero_init.c.obj (.text:decompress:ZI:__TI_zero_init_nomemset)
                  000055f6    00000002     --HOLE-- [fill = 0]
                  000055f8    00000014     Sound.o (.text.Sound_Explosion)
                  0000560c    00000014     Sound.o (.text.Sound_Highpitch)
                  00005620    00000014     Sound.o (.text.Sound_Killed)
                  00005634    00000014     Sound.o (.text.Sound_Shoot)
                  00005648    00000012     libc.a : memcpy16.S.obj (.text:TI_memcpy_small)
                  0000565a    00000012            : copy_decompress_none.c.obj (.text:decompress:none)
                  0000566c    00000010     Clock.o (.text.Clock_Delay)
                  0000567c    00000010     LaunchPad.o (.text.Delay)
                  0000568c    00000010     Lab9Main.o (.text.TExaS_LaunchPadLogicPB27PB26)
                  0000569c    0000000c     Clock.o (.text.Clock_Freq)
                  000056a8    0000000a     Lab9Main.o (.text.PLL_Init)
                  000056b2    00000002     --HOLE-- [fill = 0]
                  000056b4    00000008     libclang_rt.builtins.a : aeabi_memcpy.S.obj (.text.__aeabi_memcpy)
                  000056bc    00000004     startup_mspm0g3507_ticlang.o (.text.Reset_Handler)
                  000056c0    00000004     libc.a : pre_init.c.obj (.text._system_pre_init)
                  000056c4    00000004            : exit.c.obj (.text:abort)

.cinit     0    000056c8    00000040     
                  000056c8    00000017     (.cinit..data.load) [load image, compression = lzss]
                  000056df    00000001     --HOLE-- [fill = 0]
                  000056e0    0000000c     (__TI_handler_table)
                  000056ec    00000008     (.cinit..bss.load) [load image, compression = zero_init]
                  000056f4    00000010     (__TI_cinit_table)
                  00005704    00000004     --HOLE-- [fill = 0]

.rodata    0    000000c0    00003900     
                  000000c0    00000ff0     Sound.o (.rodata.shoot)
                  000010b0    00000d31     Sound.o (.rodata.invaderkilled)
                  00001de1    000007d0     Sound.o (.rodata.explosion)
                  000025b1    0000070a     Sound.o (.rodata.highpitch)
                  00002cbb    000004fb     ST7735.o (.rodata.Font)
                  000031b6    00000200     Lab9Main.o (.rodata.LaserBlank)
                  000033b6    00000140     Lab9Main.o (.rodata.SmallEnemy30pointA)
                  000034f6    00000140     Lab9Main.o (.rodata.SmallEnemyBlank)
                  00003636    00000120     Lab9Main.o (.rodata.PlayerShip0)
                  00003756    00000120     Lab9Main.o (.rodata.PlayerShipBlank)
                  00003876    0000003b     ST7735.o (.rodata.Rcmd1)
                  000038b1    0000002b     ST7735.o (.rodata.Rcmd3)
                  000038dc    00000024     Lab9Main.o (.rodata.ycoin)
                  00003900    0000001a     Lab9Main.o (.rodata.str1.135162969367846207591)
                  0000391a    00000016     ST7735.o (.rodata.str1.144648496015528403411)
                  00003930    00000012     Lab9Main.o (.rodata.str1.17037987796619907721)
                  00003942    00000011     Lab9Main.o (.rodata.str1.156700582647216802391)
                  00003953    0000000f     Lab9Main.o (.rodata.str1.141838891143380821661)
                  00003962    0000000d     ST7735.o (.rodata.Rcmd2green)
                  0000396f    0000000d     ST7735.o (.rodata.Rcmd2red)
                  0000397c    0000000b     Lab9Main.o (.rodata.str1.43002182813155350251)
                  00003987    0000000b     Lab9Main.o (.rodata.str1.87483583393670979681)
                  00003992    0000000a     Lab9Main.o (.rodata.str1.53373941167017730201)
                  0000399c    0000000a     Lab9Main.o (.rodata.str1.90000559391701535431)
                  000039a6    00000009     Lab9Main.o (.rodata.str1.56218324430450153921)
                  000039af    00000007     Lab9Main.o (.rodata.str1.167941454777291235551)
                  000039b6    00000004     Lab9Main.o (.rodata.str1.78684948411561424611)
                  000039ba    00000006     --HOLE-- [fill = 0]

.init_array 
*          0    00000000    00000000     UNINITIALIZED

.binit     0    00000000    00000000     

.sysmem    0    20200000    00000200     UNINITIALIZED
                  20200000    00000010     libc.a : memory.c.obj (.sysmem)
                  20200010    000001f0     --HOLE--

.bss       0    20200200    00000097     UNINITIALIZED
                  20200200    00000028     (.common:bguys)
                  20200228    00000028     (.common:laser)
                  20200250    00000028     (.common:me)
                  20200278    0000000c     (.common:Message)
                  20200284    00000004     Sound.o (.bss.arr)
                  20200288    00000004     (.common:Messageindex)
                  2020028c    00000004     (.common:TExaSLogic)
                  20200290    00000004     (.common:TExaSadc)
                  20200294    00000001     ST7735.o (.bss.ColStart)
                  20200295    00000001     ST7735.o (.bss.RowStart)
                  20200296    00000001     ST7735.o (.bss.TabColor)

.data      0    20200298    00000036     UNINITIALIZED
                  20200298    00000004     Clock.o (.data.BusFreq)
                  2020029c    00000004     Lab9Main.o (.data.M)
                  202002a0    00000004     ST7735.o (.data.StX)
                  202002a4    00000004     ST7735.o (.data.StY)
                  202002a8    00000004     Lab9Main.o (.data.end)
                  202002ac    00000004     Lab9Main.o (.data.flag)
                  202002b0    00000004     Sound.o (.data.id)
                  202002b4    00000004     Lab9Main.o (.data.laseractive)
                  202002b8    00000004     Sound.o (.data.len)
                  202002bc    00000004     Lab9Main.o (.data.respawn)
                  202002c0    00000004     Lab9Main.o (.data.score)
                  202002c4    00000004     Lab9Main.o (.data.slideplot)
                  202002c8    00000002     ST7735.o (.data.StTextColor)
                  202002ca    00000002     ST7735.o (.data._height)
                  202002cc    00000002     ST7735.o (.data._width)

.stack     0    20207e00    00000200     UNINITIALIZED
                  20207e00    00000004     libc.a : boot_cortex_m.c.obj (.stack)
                  20207e04    000001fc     --HOLE--

__llvm_prf_cnts 
*          0    20200000    00000000     UNINITIALIZED

__llvm_prf_bits 
*          0    20200000    00000000     UNINITIALIZED

MODULE SUMMARY

       Module                         code   ro data   rw data
       ------                         ----   -------   -------
    ./
       Sound.o                        332    11259     12     
       ST7735.o                       2450   1425      33     
       Lab9Main.o                     1646   1902      148    
       TExaS.o                        720    0         8      
       Clock.o                        516    0         4      
       SPI.o                          440    0         0      
       Timer.o                        316    0         0      
       ADC1.o                         204    0         0      
       LaunchPad.o                    196    0         0      
       Switch.o                       92     0         0      
       DAC5.o                         88     0         0      
       LED.o                          2      0         0      
    +--+------------------------------+------+---------+---------+
       Total:                         7002   14586     205    
                                                              
    ./ticlang/
       startup_mspm0g3507_ticlang.o   60     192       0      
    +--+------------------------------+------+---------+---------+
       Total:                         60     192       0      
                                                              
    /Applications/ti/ccs2001/ccs/tools/compiler/ti-cgt-armllvm_4.0.1.LTS/lib/armv6m-ti-none-eabi/c/libc.a
       copy_decompress_lzss.c.obj     124    0         0      
       autoinit.c.obj                 60     0         0      
       boot_cortex_m.c.obj            40     0         0      
       copy_zero_init.c.obj           22     0         0      
       copy_decompress_none.c.obj     18     0         0      
       memcpy16.S.obj                 18     0         0      
       exit.c.obj                     4      0         0      
       pre_init.c.obj                 4      0         0      
    +--+------------------------------+------+---------+---------+
       Total:                         290    0         0      
                                                              
    /Applications/ti/ccs2001/ccs/tools/compiler/ti-cgt-armllvm_4.0.1.LTS/lib/armv6m-ti-none-eabi/libclang_rt.builtins.a
       aeabi_uidivmod.S.obj           64     0         0      
       aeabi_memcpy.S.obj             8      0         0      
       aeabi_div0.c.obj               2      0         0      
    +--+------------------------------+------+---------+---------+
       Total:                         74     0         0      
                                                              
       Heap:                          0      0         512    
       Stack:                         0      0         512    
       Linker Generated:              0      59        0      
    +--+------------------------------+------+---------+---------+
       Grand Total:                   7426   14837     1229   


LINKER GENERATED COPY TABLES

__TI_cinit_table @ 000056f4 records: 2, size/record: 8, table size: 16
	.data: load addr=000056c8, load size=00000017 bytes, run addr=20200298, run size=00000036 bytes, compression=lzss
	.bss: load addr=000056ec, load size=00000008 bytes, run addr=20200200, run size=00000097 bytes, compression=zero_init


LINKER GENERATED HANDLER TABLE

__TI_handler_table @ 000056e0 records: 3, size/record: 4, table size: 12
	index: 0, handler: __TI_decompress_lzss
	index: 1, handler: __TI_decompress_none
	index: 2, handler: __TI_zero_init


GLOBAL SYMBOLS: SORTED ALPHABETICALLY BY Name 

address   name                          
-------   ----                          
00005579  ADC0_IRQHandler               
00005579  ADC1_IRQHandler               
00004119  ADC_Init                      
00005459  ADC_Start                     
00005031  ADCin                         
00004bd1  ADCinit                       
00005579  AES_IRQHandler                
000052bd  ActivatePortA_B               
20200298  BusFreq                       
000056c4  C$$EXIT                       
00005579  CANFD0_IRQHandler             
0000566d  Clock_Delay                   
00005365  Clock_Delay1ms                
0000569d  Clock_Freq                    
00003dbd  Clock_Init80MHz               
00005579  DAC0_IRQHandler               
00005209  DAC5_Init                     
0000555d  DAC5_Out                      
00005579  DMA_IRQHandler                
00005579  Default_Handler               
0000567d  Delay                         
00005579  GROUP0_IRQHandler             
00005579  GROUP1_IRQHandler             
00005595  HardFault_Handler             
00005579  I2C0_IRQHandler               
00005579  I2C1_IRQHandler               
00004a1b  LED_Init                      
000031b6  LaserBlank                    
00004d5d  LaunchPad_Init                
20200278  Message                       
20200288  Messageindex                  
00005579  NMI_Handler                   
000056a9  PLL_Init                      
00005579  PendSV_Handler                
00003636  PlayerShip0                   
00003756  PlayerShipBlank               
00005579  RTC_IRQHandler                
000055b1  Random                        
0000551d  Random32                      
000056bd  Reset_Handler                 
00005579  SPI0_IRQHandler               
00005579  SPI1_IRQHandler               
00004481  SPI_Init                      
00005079  SPI_OutCommand                
000052f5  SPI_OutData                   
00005149  SPI_Reset                     
000039c1  ST7735_DrawBitmap             
00003f71  ST7735_DrawChar               
00004c55  ST7735_DrawString             
00004369  ST7735_FillRect               
0000542d  ST7735_FillScreen             
00004a1d  ST7735_InitR                  
0000473d  ST7735_OutChar                
000054d1  ST7735_OutString              
00004cd9  ST7735_OutUDec                
00005399  ST7735_SetCursor              
00005579  SVC_Handler                   
000033b6  SmallEnemy30pointA            
000034f6  SmallEnemyBlank               
000055f9  Sound_Explosion               
0000560d  Sound_Highpitch               
000054f9  Sound_Init                    
00005621  Sound_Killed                  
00005635  Sound_Shoot                   
00005245  Sound_Start                   
202002c8  StTextColor                   
202002a0  StX                           
202002a4  StY                           
000050c1  Switch_In                     
000055c9  Switch_Init                   
00004f2d  SysTick_Handler               
00005105  SysTick_IntArm                
2020028c  TExaSLogic                    
00004f85  TExaS_Init                    
0000568d  TExaS_LaunchPadLogicPB27PB26  
20200290  TExaSadc                      
00005579  TIMA0_IRQHandler              
00005579  TIMA1_IRQHandler              
00005579  TIMG0_IRQHandler              
0000532d  TIMG12_IRQHandler             
00005579  TIMG6_IRQHandler              
00005189  TIMG7_IRQHandler              
00005579  TIMG8_IRQHandler              
00005649  TI_memcpy_small               
00004ab5  TimerG12_IntArm               
000048d1  TimerG7_IntArm                
00005579  UART0_IRQHandler              
00005579  UART1_IRQHandler              
00005579  UART2_IRQHandler              
00005579  UART3_IRQHandler              
00004579  UART_Init                     
20208000  __STACK_END                   
00000200  __STACK_SIZE                  
00000200  __SYSMEM_SIZE                 
00000000  __TI_ATRegion0_region_sz      
00000000  __TI_ATRegion0_src_addr       
00000000  __TI_ATRegion0_trg_addr       
00000000  __TI_ATRegion1_region_sz      
00000000  __TI_ATRegion1_src_addr       
00000000  __TI_ATRegion1_trg_addr       
00000000  __TI_ATRegion2_region_sz      
00000000  __TI_ATRegion2_src_addr       
00000000  __TI_ATRegion2_trg_addr       
000056f4  __TI_CINIT_Base               
00005704  __TI_CINIT_Limit              
00005704  __TI_CINIT_Warm               
000056e0  __TI_Handler_Table_Base       
000056ec  __TI_Handler_Table_Limit      
00005281  __TI_auto_init_nobinit_nopinit
00004dd9  __TI_decompress_lzss          
0000565b  __TI_decompress_none          
ffffffff  __TI_pprof_out_hndl           
ffffffff  __TI_prof_data_size           
ffffffff  __TI_prof_data_start          
00000000  __TI_static_base__            
000055e1  __TI_zero_init_nomemset       
000054f7  __aeabi_idiv0                 
000056b5  __aeabi_memcpy                
000056b5  __aeabi_memcpy4               
000056b5  __aeabi_memcpy8               
000051c9  __aeabi_uidiv                 
000051c9  __aeabi_uidivmod              
ffffffff  __binit__                     
UNDEFED   __mpu_init                    
20207e00  __stack                       
20200000  __start___llvm_prf_bits       
20200000  __start___llvm_prf_cnts       
20200000  __stop___llvm_prf_bits        
20200000  __stop___llvm_prf_cnts        
000054a9  _c_int00_noargs               
20200000  _sys_memory                   
UNDEFED   _system_post_cinit            
000056c1  _system_pre_init              
000056c5  abort                         
20200200  bguys                         
00004e55  bguys_init                    
ffffffff  binit                         
00004241  cont                          
00004661  draw                          
202002a8  end                           
00001de1  explosion                     
00004fdd  fillmessage                   
202002ac  flag                          
000025b1  highpitch                     
202002b0  id                            
00000000  interruptVectors              
000010b0  invaderkilled                 
20200228  laser                         
00005481  laser_init                    
202002b4  laseractive                   
0000480d  laserhit                      
202002b8  len                           
00003bd1  main                          
20200250  me                            
000053fd  me_init                       
202002bc  respawn                       
202002c0  score                         
000000c0  shoot                         
00004ec1  shoot_laser                   
202002c4  slideplot                     
000038dc  ycoin                         


GLOBAL SYMBOLS: SORTED BY Symbol Address 

address   name                          
-------   ----                          
00000000  __TI_ATRegion0_region_sz      
00000000  __TI_ATRegion0_src_addr       
00000000  __TI_ATRegion0_trg_addr       
00000000  __TI_ATRegion1_region_sz      
00000000  __TI_ATRegion1_src_addr       
00000000  __TI_ATRegion1_trg_addr       
00000000  __TI_ATRegion2_region_sz      
00000000  __TI_ATRegion2_src_addr       
00000000  __TI_ATRegion2_trg_addr       
00000000  __TI_static_base__            
00000000  interruptVectors              
000000c0  shoot                         
00000200  __STACK_SIZE                  
00000200  __SYSMEM_SIZE                 
000010b0  invaderkilled                 
00001de1  explosion                     
000025b1  highpitch                     
000031b6  LaserBlank                    
000033b6  SmallEnemy30pointA            
000034f6  SmallEnemyBlank               
00003636  PlayerShip0                   
00003756  PlayerShipBlank               
000038dc  ycoin                         
000039c1  ST7735_DrawBitmap             
00003bd1  main                          
00003dbd  Clock_Init80MHz               
00003f71  ST7735_DrawChar               
00004119  ADC_Init                      
00004241  cont                          
00004369  ST7735_FillRect               
00004481  SPI_Init                      
00004579  UART_Init                     
00004661  draw                          
0000473d  ST7735_OutChar                
0000480d  laserhit                      
000048d1  TimerG7_IntArm                
00004a1b  LED_Init                      
00004a1d  ST7735_InitR                  
00004ab5  TimerG12_IntArm               
00004bd1  ADCinit                       
00004c55  ST7735_DrawString             
00004cd9  ST7735_OutUDec                
00004d5d  LaunchPad_Init                
00004dd9  __TI_decompress_lzss          
00004e55  bguys_init                    
00004ec1  shoot_laser                   
00004f2d  SysTick_Handler               
00004f85  TExaS_Init                    
00004fdd  fillmessage                   
00005031  ADCin                         
00005079  SPI_OutCommand                
000050c1  Switch_In                     
00005105  SysTick_IntArm                
00005149  SPI_Reset                     
00005189  TIMG7_IRQHandler              
000051c9  __aeabi_uidiv                 
000051c9  __aeabi_uidivmod              
00005209  DAC5_Init                     
00005245  Sound_Start                   
00005281  __TI_auto_init_nobinit_nopinit
000052bd  ActivatePortA_B               
000052f5  SPI_OutData                   
0000532d  TIMG12_IRQHandler             
00005365  Clock_Delay1ms                
00005399  ST7735_SetCursor              
000053fd  me_init                       
0000542d  ST7735_FillScreen             
00005459  ADC_Start                     
00005481  laser_init                    
000054a9  _c_int00_noargs               
000054d1  ST7735_OutString              
000054f7  __aeabi_idiv0                 
000054f9  Sound_Init                    
0000551d  Random32                      
0000555d  DAC5_Out                      
00005579  ADC0_IRQHandler               
00005579  ADC1_IRQHandler               
00005579  AES_IRQHandler                
00005579  CANFD0_IRQHandler             
00005579  DAC0_IRQHandler               
00005579  DMA_IRQHandler                
00005579  Default_Handler               
00005579  GROUP0_IRQHandler             
00005579  GROUP1_IRQHandler             
00005579  I2C0_IRQHandler               
00005579  I2C1_IRQHandler               
00005579  NMI_Handler                   
00005579  PendSV_Handler                
00005579  RTC_IRQHandler                
00005579  SPI0_IRQHandler               
00005579  SPI1_IRQHandler               
00005579  SVC_Handler                   
00005579  TIMA0_IRQHandler              
00005579  TIMA1_IRQHandler              
00005579  TIMG0_IRQHandler              
00005579  TIMG6_IRQHandler              
00005579  TIMG8_IRQHandler              
00005579  UART0_IRQHandler              
00005579  UART1_IRQHandler              
00005579  UART2_IRQHandler              
00005579  UART3_IRQHandler              
00005595  HardFault_Handler             
000055b1  Random                        
000055c9  Switch_Init                   
000055e1  __TI_zero_init_nomemset       
000055f9  Sound_Explosion               
0000560d  Sound_Highpitch               
00005621  Sound_Killed                  
00005635  Sound_Shoot                   
00005649  TI_memcpy_small               
0000565b  __TI_decompress_none          
0000566d  Clock_Delay                   
0000567d  Delay                         
0000568d  TExaS_LaunchPadLogicPB27PB26  
0000569d  Clock_Freq                    
000056a9  PLL_Init                      
000056b5  __aeabi_memcpy                
000056b5  __aeabi_memcpy4               
000056b5  __aeabi_memcpy8               
000056bd  Reset_Handler                 
000056c1  _system_pre_init              
000056c4  C$$EXIT                       
000056c5  abort                         
000056e0  __TI_Handler_Table_Base       
000056ec  __TI_Handler_Table_Limit      
000056f4  __TI_CINIT_Base               
00005704  __TI_CINIT_Limit              
00005704  __TI_CINIT_Warm               
20200000  __start___llvm_prf_bits       
20200000  __start___llvm_prf_cnts       
20200000  __stop___llvm_prf_bits        
20200000  __stop___llvm_prf_cnts        
20200000  _sys_memory                   
20200200  bguys                         
20200228  laser                         
20200250  me                            
20200278  Message                       
20200288  Messageindex                  
2020028c  TExaSLogic                    
20200290  TExaSadc                      
20200298  BusFreq                       
202002a0  StX                           
202002a4  StY                           
202002a8  end                           
202002ac  flag                          
202002b0  id                            
202002b4  laseractive                   
202002b8  len                           
202002bc  respawn                       
202002c0  score                         
202002c4  slideplot                     
202002c8  StTextColor                   
20207e00  __stack                       
20208000  __STACK_END                   
ffffffff  __TI_pprof_out_hndl           
ffffffff  __TI_prof_data_size           
ffffffff  __TI_prof_data_start          
ffffffff  __binit__                     
ffffffff  binit                         
UNDEFED   __mpu_init                    
UNDEFED   _system_post_cinit            

[161 symbols]
